Archive member included to satisfy reference by file (symbol)

/Applications/STM32CubeIDE.app/Contents/Eclipse/plugins/com.st.stm32cube.ide.mcu.externaltools.gnu-tools-for-stm32.9-2020-q2-update.macos64_1.5.0.202011040924/tools/bin/../lib/gcc/arm-none-eabi/9.3.1/../../../../arm-none-eabi/lib/thumb/v7-m/nofp/libc_nano.a(lib_a-errno.o)
                              Core/Src/syscalls.o (__errno)
/Applications/STM32CubeIDE.app/Contents/Eclipse/plugins/com.st.stm32cube.ide.mcu.externaltools.gnu-tools-for-stm32.9-2020-q2-update.macos64_1.5.0.202011040924/tools/bin/../lib/gcc/arm-none-eabi/9.3.1/../../../../arm-none-eabi/lib/thumb/v7-m/nofp/libc_nano.a(lib_a-exit.o)
                              /Applications/STM32CubeIDE.app/Contents/Eclipse/plugins/com.st.stm32cube.ide.mcu.externaltools.gnu-tools-for-stm32.9-2020-q2-update.macos64_1.5.0.202011040924/tools/bin/../lib/gcc/arm-none-eabi/9.3.1/../../../../arm-none-eabi/lib/thumb/v7-m/nofp/crt0.o (exit)
/Applications/STM32CubeIDE.app/Contents/Eclipse/plugins/com.st.stm32cube.ide.mcu.externaltools.gnu-tools-for-stm32.9-2020-q2-update.macos64_1.5.0.202011040924/tools/bin/../lib/gcc/arm-none-eabi/9.3.1/../../../../arm-none-eabi/lib/thumb/v7-m/nofp/libc_nano.a(lib_a-impure.o)
                              /Applications/STM32CubeIDE.app/Contents/Eclipse/plugins/com.st.stm32cube.ide.mcu.externaltools.gnu-tools-for-stm32.9-2020-q2-update.macos64_1.5.0.202011040924/tools/bin/../lib/gcc/arm-none-eabi/9.3.1/../../../../arm-none-eabi/lib/thumb/v7-m/nofp/libc_nano.a(lib_a-exit.o) (_global_impure_ptr)
/Applications/STM32CubeIDE.app/Contents/Eclipse/plugins/com.st.stm32cube.ide.mcu.externaltools.gnu-tools-for-stm32.9-2020-q2-update.macos64_1.5.0.202011040924/tools/bin/../lib/gcc/arm-none-eabi/9.3.1/../../../../arm-none-eabi/lib/thumb/v7-m/nofp/libc_nano.a(lib_a-init.o)
                              /Applications/STM32CubeIDE.app/Contents/Eclipse/plugins/com.st.stm32cube.ide.mcu.externaltools.gnu-tools-for-stm32.9-2020-q2-update.macos64_1.5.0.202011040924/tools/bin/../lib/gcc/arm-none-eabi/9.3.1/../../../../arm-none-eabi/lib/thumb/v7-m/nofp/crt0.o (__libc_init_array)
/Applications/STM32CubeIDE.app/Contents/Eclipse/plugins/com.st.stm32cube.ide.mcu.externaltools.gnu-tools-for-stm32.9-2020-q2-update.macos64_1.5.0.202011040924/tools/bin/../lib/gcc/arm-none-eabi/9.3.1/../../../../arm-none-eabi/lib/thumb/v7-m/nofp/libc_nano.a(lib_a-memset.o)
                              /Applications/STM32CubeIDE.app/Contents/Eclipse/plugins/com.st.stm32cube.ide.mcu.externaltools.gnu-tools-for-stm32.9-2020-q2-update.macos64_1.5.0.202011040924/tools/bin/../lib/gcc/arm-none-eabi/9.3.1/../../../../arm-none-eabi/lib/thumb/v7-m/nofp/crt0.o (memset)

Allocating common symbols
Common symbol       size              file

hUsbDeviceFS        0x2c4             USB_DEVICE/App/usb_device.o
hadc2               0x30              Core/Src/main.o
uwTick              0x4               Drivers/STM32F1xx_HAL_Driver/Src/stm32f1xx_hal.o
pFlash              0x20              Drivers/STM32F1xx_HAL_Driver/Src/stm32f1xx_hal_flash.o
UserRxBufferFS      0x3e8             USB_DEVICE/App/usbd_cdc_if.o
htim3               0x48              Core/Src/main.o
hadc1               0x30              Core/Src/main.o
huart1              0x40              Core/Src/main.o
UserTxBufferFS      0x3e8             USB_DEVICE/App/usbd_cdc_if.o
htim1               0x48              Core/Src/main.o
htim2               0x48              Core/Src/main.o
hpcd_USB_FS         0x2ec             USB_DEVICE/Target/usbd_conf.o
USBD_StrDesc        0x200             USB_DEVICE/App/usbd_desc.o

Discarded input sections

 .text          0x0000000000000000        0x0 /Applications/STM32CubeIDE.app/Contents/Eclipse/plugins/com.st.stm32cube.ide.mcu.externaltools.gnu-tools-for-stm32.9-2020-q2-update.macos64_1.5.0.202011040924/tools/bin/../lib/gcc/arm-none-eabi/9.3.1/thumb/v7-m/nofp/crti.o
 .data          0x0000000000000000        0x0 /Applications/STM32CubeIDE.app/Contents/Eclipse/plugins/com.st.stm32cube.ide.mcu.externaltools.gnu-tools-for-stm32.9-2020-q2-update.macos64_1.5.0.202011040924/tools/bin/../lib/gcc/arm-none-eabi/9.3.1/thumb/v7-m/nofp/crti.o
 .bss           0x0000000000000000        0x0 /Applications/STM32CubeIDE.app/Contents/Eclipse/plugins/com.st.stm32cube.ide.mcu.externaltools.gnu-tools-for-stm32.9-2020-q2-update.macos64_1.5.0.202011040924/tools/bin/../lib/gcc/arm-none-eabi/9.3.1/thumb/v7-m/nofp/crti.o
 .data          0x0000000000000000        0x4 /Applications/STM32CubeIDE.app/Contents/Eclipse/plugins/com.st.stm32cube.ide.mcu.externaltools.gnu-tools-for-stm32.9-2020-q2-update.macos64_1.5.0.202011040924/tools/bin/../lib/gcc/arm-none-eabi/9.3.1/thumb/v7-m/nofp/crtbegin.o
[...]
Memory Configuration

Name             Origin             Length             Attributes
RAM              0x0000000020000000 0x0000000000005000 xrw
FLASH            0x0000000008000000 0x0000000000010000 xr
*default*        0x0000000000000000 0xffffffffffffffff

Linker script and memory map

LOAD /Applications/STM32CubeIDE.app/Contents/Eclipse/plugins/com.st.stm32cube.ide.mcu.externaltools.gnu-tools-for-stm32.9-2020-q2-update.macos64_1.5.0.202011040924/tools/bin/../lib/gcc/arm-none-eabi/9.3.1/thumb/v7-m/nofp/crti.o
LOAD /Applications/STM32CubeIDE.app/Contents/Eclipse/plugins/com.st.stm32cube.ide.mcu.externaltools.gnu-tools-for-stm32.9-2020-q2-update.macos64_1.5.0.202011040924/tools/bin/../lib/gcc/arm-none-eabi/9.3.1/thumb/v7-m/nofp/crtbegin.o
LOAD /Applications/STM32CubeIDE.app/Contents/Eclipse/plugins/com.st.stm32cube.ide.mcu.externaltools.gnu-tools-for-stm32.9-2020-q2-update.macos64_1.5.0.202011040924/tools/bin/../lib/gcc/arm-none-eabi/9.3.1/../../../../arm-none-eabi/lib/thumb/v7-m/nofp/crt0.o
LOAD Core/Src/Rotary.o
LOAD Core/Src/main.o
LOAD Core/Src/stm32f1xx_hal_msp.o
LOAD Core/Src/stm32f1xx_it.o
LOAD Core/Src/syscalls.o
LOAD Core/Src/sysmem.o
LOAD Core/Src/system_stm32f1xx.o
LOAD Core/Startup/startup_stm32f103r8tx.o
LOAD Drivers/STM32F1xx_HAL_Driver/Src/stm32f1xx_hal.o
LOAD Drivers/STM32F1xx_HAL_Driver/Src/stm32f1xx_hal_adc.o
LOAD Drivers/STM32F1xx_HAL_Driver/Src/stm32f1xx_hal_adc_ex.o
LOAD Drivers/STM32F1xx_HAL_Driver/Src/stm32f1xx_hal_cortex.o
LOAD Drivers/STM32F1xx_HAL_Driver/Src/stm32f1xx_hal_dma.o
LOAD Drivers/STM32F1xx_HAL_Driver/Src/stm32f1xx_hal_exti.o
LOAD Drivers/STM32F1xx_HAL_Driver/Src/stm32f1xx_hal_flash.o
LOAD Drivers/STM32F1xx_HAL_Driver/Src/stm32f1xx_hal_flash_ex.o
LOAD Drivers/STM32F1xx_HAL_Driver/Src/stm32f1xx_hal_gpio.o
LOAD Drivers/STM32F1xx_HAL_Driver/Src/stm32f1xx_hal_gpio_ex.o
LOAD Drivers/STM32F1xx_HAL_Driver/Src/stm32f1xx_hal_pcd.o
LOAD Drivers/STM32F1xx_HAL_Driver/Src/stm32f1xx_hal_pcd_ex.o
LOAD Drivers/STM32F1xx_HAL_Driver/Src/stm32f1xx_hal_pwr.o
LOAD Drivers/STM32F1xx_HAL_Driver/Src/stm32f1xx_hal_rcc.o
LOAD Drivers/STM32F1xx_HAL_Driver/Src/stm32f1xx_hal_rcc_ex.o
LOAD Drivers/STM32F1xx_HAL_Driver/Src/stm32f1xx_hal_tim.o
LOAD Drivers/STM32F1xx_HAL_Driver/Src/stm32f1xx_hal_tim_ex.o
LOAD Drivers/STM32F1xx_HAL_Driver/Src/stm32f1xx_hal_uart.o
LOAD Drivers/STM32F1xx_HAL_Driver/Src/stm32f1xx_ll_usb.o
LOAD Middlewares/ST/STM32_USB_Device_Library/Class/CDC/Src/usbd_cdc.o
LOAD Middlewares/ST/STM32_USB_Device_Library/Core/Src/usbd_core.o
LOAD Middlewares/ST/STM32_USB_Device_Library/Core/Src/usbd_ctlreq.o
LOAD Middlewares/ST/STM32_USB_Device_Library/Core/Src/usbd_ioreq.o
LOAD USB_DEVICE/App/usb_device.o
LOAD USB_DEVICE/App/usbd_cdc_if.o
LOAD USB_DEVICE/App/usbd_desc.o
LOAD USB_DEVICE/Target/usbd_conf.o
START GROUP
LOAD /Applications/STM32CubeIDE.app/Contents/Eclipse/plugins/com.st.stm32cube.ide.mcu.externaltools.gnu-tools-for-stm32.9-2020-q2-update.macos64_1.5.0.202011040924/tools/bin/../lib/gcc/arm-none-eabi/9.3.1/../../../../arm-none-eabi/lib/thumb/v7-m/nofp/libc_nano.a
LOAD /Applications/STM32CubeIDE.app/Contents/Eclipse/plugins/com.st.stm32cube.ide.mcu.externaltools.gnu-tools-for-stm32.9-2020-q2-update.macos64_1.5.0.202011040924/tools/bin/../lib/gcc/arm-none-eabi/9.3.1/../../../../arm-none-eabi/lib/thumb/v7-m/nofp/libm.a
END GROUP
START GROUP
LOAD /Applications/STM32CubeIDE.app/Contents/Eclipse/plugins/com.st.stm32cube.ide.mcu.externaltools.gnu-tools-for-stm32.9-2020-q2-update.macos64_1.5.0.202011040924/tools/bin/../lib/gcc/arm-none-eabi/9.3.1/thumb/v7-m/nofp/libgcc.a
LOAD /Applications/STM32CubeIDE.app/Contents/Eclipse/plugins/com.st.stm32cube.ide.mcu.externaltools.gnu-tools-for-stm32.9-2020-q2-update.macos64_1.5.0.202011040924/tools/bin/../lib/gcc/arm-none-eabi/9.3.1/../../../../arm-none-eabi/lib/thumb/v7-m/nofp/libc_nano.a
END GROUP
START GROUP
LOAD /Applications/STM32CubeIDE.app/Contents/Eclipse/plugins/com.st.stm32cube.ide.mcu.externaltools.gnu-tools-for-stm32.9-2020-q2-update.macos64_1.5.0.202011040924/tools/bin/../lib/gcc/arm-none-eabi/9.3.1/thumb/v7-m/nofp/libgcc.a
LOAD /Applications/STM32CubeIDE.app/Contents/Eclipse/plugins/com.st.stm32cube.ide.mcu.externaltools.gnu-tools-for-stm32.9-2020-q2-update.macos64_1.5.0.202011040924/tools/bin/../lib/gcc/arm-none-eabi/9.3.1/../../../../arm-none-eabi/lib/thumb/v7-m/nofp/libc_nano.a
LOAD /Applications/STM32CubeIDE.app/Contents/Eclipse/plugins/com.st.stm32cube.ide.mcu.externaltools.gnu-tools-for-stm32.9-2020-q2-update.macos64_1.5.0.202011040924/tools/bin/../lib/gcc/arm-none-eabi/9.3.1/../../../../arm-none-eabi/lib/thumb/v7-m/nofp/libnosys.a
END GROUP
START GROUP
LOAD /Applications/STM32CubeIDE.app/Contents/Eclipse/plugins/com.st.stm32cube.ide.mcu.externaltools.gnu-tools-for-stm32.9-2020-q2-update.macos64_1.5.0.202011040924/tools/bin/../lib/gcc/arm-none-eabi/9.3.1/thumb/v7-m/nofp/libgcc.a
LOAD /Applications/STM32CubeIDE.app/Contents/Eclipse/plugins/com.st.stm32cube.ide.mcu.externaltools.gnu-tools-for-stm32.9-2020-q2-update.macos64_1.5.0.202011040924/tools/bin/../lib/gcc/arm-none-eabi/9.3.1/../../../../arm-none-eabi/lib/thumb/v7-m/nofp/libc_nano.a
LOAD /Applications/STM32CubeIDE.app/Contents/Eclipse/plugins/com.st.stm32cube.ide.mcu.externaltools.gnu-tools-for-stm32.9-2020-q2-update.macos64_1.5.0.202011040924/tools/bin/../lib/gcc/arm-none-eabi/9.3.1/../../../../arm-none-eabi/lib/thumb/v7-m/nofp/libnosys.a
END GROUP
LOAD /Applications/STM32CubeIDE.app/Contents/Eclipse/plugins/com.st.stm32cube.ide.mcu.externaltools.gnu-tools-for-stm32.9-2020-q2-update.macos64_1.5.0.202011040924/tools/bin/../lib/gcc/arm-none-eabi/9.3.1/thumb/v7-m/nofp/crtend.o
LOAD /Applications/STM32CubeIDE.app/Contents/Eclipse/plugins/com.st.stm32cube.ide.mcu.externaltools.gnu-tools-for-stm32.9-2020-q2-update.macos64_1.5.0.202011040924/tools/bin/../lib/gcc/arm-none-eabi/9.3.1/thumb/v7-m/nofp/crtn.o
                0x0000000020005000                _estack = (ORIGIN (RAM) + LENGTH (RAM))
                0x0000000000000200                _Min_Heap_Size = 0x200
                0x0000000000000400                _Min_Stack_Size = 0x400

.isr_vector     0x0000000008000000      0x10c
                0x0000000008000000                . = ALIGN (0x4)
 *(.isr_vector)
 .isr_vector    0x0000000008000000      0x10c Core/Startup/startup_stm32f103r8tx.o
                0x0000000008000000                g_pfnVectors
                0x000000000800010c                . = ALIGN (0x4)

.text           0x000000000800010c     0x8d18
                0x000000000800010c                . = ALIGN (0x4)
 *(.text)
 .text          0x000000000800010c       0x40 /Applications/STM32CubeIDE.app/Contents/Eclipse/plugins/com.st.stm32cube.ide.mcu.externaltools.gnu-tools-for-stm32.9-2020-q2-update.macos64_1.5.0.202011040924/tools/bin/../lib/gcc/arm-none-eabi/9.3.1/thumb/v7-m/nofp/crtbegin.o
 *(.text*)
 .text.Rotary   0x000000000800014c      0x228 Core/Src/Rotary.o
                0x000000000800014c                Rotary
 .text.main     0x0000000008000374      0x120 Core/Src/main.o
                0x0000000008000374                main
 .text.SystemClock_Config
                0x0000000008000494       0xbc Core/Src/main.o
                0x0000000008000494                SystemClock_Config
 .text.MX_ADC1_Init
                0x0000000008000550       0x7c Core/Src/main.o
 .text.MX_ADC2_Init
                0x00000000080005cc       0x7c Core/Src/main.o
 .text.MX_TIM1_Init
                0x0000000008000648      0x100 Core/Src/main.o
 .text.MX_TIM2_Init
                0x0000000008000748      0x12c Core/Src/main.o
 .text.MX_TIM3_Init
                0x0000000008000874      0x12c Core/Src/main.o
 .text.MX_USART1_UART_Init
                0x00000000080009a0       0x54 Core/Src/main.o
 .text.MX_GPIO_Init
                0x00000000080009f4      0x158 Core/Src/main.o
 .text.Error_Handler
                0x0000000008000b4c        0xa Core/Src/main.o
                0x0000000008000b4c                Error_Handler
 *fill*         0x0000000008000b56        0x2 
 .text.HAL_MspInit
                0x0000000008000b58       0x64 Core/Src/stm32f1xx_hal_msp.o
                0x0000000008000b58                HAL_MspInit
 .text.HAL_ADC_MspInit
                0x0000000008000bbc       0xfc Core/Src/stm32f1xx_hal_msp.o
                0x0000000008000bbc                HAL_ADC_MspInit
 .text.HAL_TIM_Base_MspInit
                0x0000000008000cb8       0xcc Core/Src/stm32f1xx_hal_msp.o
                0x0000000008000cb8                HAL_TIM_Base_MspInit
 .text.HAL_TIM_MspPostInit
                0x0000000008000d84      0x118 Core/Src/stm32f1xx_hal_msp.o
                0x0000000008000d84                HAL_TIM_MspPostInit
 .text.HAL_UART_MspInit
                0x0000000008000e9c       0x98 Core/Src/stm32f1xx_hal_msp.o
                0x0000000008000e9c                HAL_UART_MspInit
 .text.NMI_Handler
                0x0000000008000f34        0x6 Core/Src/stm32f1xx_it.o
                0x0000000008000f34                NMI_Handler
 .text.HardFault_Handler
                0x0000000008000f3a        0x6 Core/Src/stm32f1xx_it.o
                0x0000000008000f3a                HardFault_Handler
 .text.MemManage_Handler
                0x0000000008000f40        0x6 Core/Src/stm32f1xx_it.o
                0x0000000008000f40                MemManage_Handler
 .text.BusFault_Handler
                0x0000000008000f46        0x6 Core/Src/stm32f1xx_it.o
                0x0000000008000f46                BusFault_Handler
 .text.UsageFault_Handler
                0x0000000008000f4c        0x6 Core/Src/stm32f1xx_it.o
                0x0000000008000f4c                UsageFault_Handler
 .text.SVC_Handler
                0x0000000008000f52        0xc Core/Src/stm32f1xx_it.o
                0x0000000008000f52                SVC_Handler
 .text.DebugMon_Handler
                0x0000000008000f5e        0xc Core/Src/stm32f1xx_it.o
                0x0000000008000f5e                DebugMon_Handler
 .text.PendSV_Handler
                0x0000000008000f6a        0xc Core/Src/stm32f1xx_it.o
                0x0000000008000f6a                PendSV_Handler
 .text.SysTick_Handler
                0x0000000008000f76        0xc Core/Src/stm32f1xx_it.o
                0x0000000008000f76                SysTick_Handler
 *fill*         0x0000000008000f82        0x2 
 .text.USB_LP_CAN1_RX0_IRQHandler
                0x0000000008000f84       0x14 Core/Src/stm32f1xx_it.o
                0x0000000008000f84                USB_LP_CAN1_RX0_IRQHandler
 .text.SystemInit
                0x0000000008000f98        0xc Core/Src/system_stm32f1xx.o
                0x0000000008000f98                SystemInit
 .text.Reset_Handler
                0x0000000008000fa4       0x48 Core/Startup/startup_stm32f103r8tx.o
                0x0000000008000fa4                Reset_Handler
 .text.Default_Handler
                0x0000000008000fec        0x2 Core/Startup/startup_stm32f103r8tx.o
                0x0000000008000fec                USBWakeUp_IRQHandler
                0x0000000008000fec                EXTI2_IRQHandler
                0x0000000008000fec                TIM1_CC_IRQHandler
                0x0000000008000fec                PVD_IRQHandler
                0x0000000008000fec                EXTI3_IRQHandler
                0x0000000008000fec                EXTI0_IRQHandler
                0x0000000008000fec                I2C2_EV_IRQHandler
                0x0000000008000fec                ADC1_2_IRQHandler
                0x0000000008000fec                SPI1_IRQHandler
                0x0000000008000fec                TAMPER_IRQHandler
                0x0000000008000fec                DMA1_Channel4_IRQHandler
                0x0000000008000fec                USART3_IRQHandler
                0x0000000008000fec                RTC_IRQHandler
                0x0000000008000fec                DMA1_Channel7_IRQHandler
                0x0000000008000fec                CAN1_RX1_IRQHandler
                0x0000000008000fec                TIM4_IRQHandler
                0x0000000008000fec                I2C1_EV_IRQHandler
                0x0000000008000fec                DMA1_Channel6_IRQHandler
                0x0000000008000fec                TIM3_IRQHandler
                0x0000000008000fec                RCC_IRQHandler
                0x0000000008000fec                TIM1_TRG_COM_IRQHandler
                0x0000000008000fec                DMA1_Channel1_IRQHandler
                0x0000000008000fec                Default_Handler
                0x0000000008000fec                EXTI15_10_IRQHandler
                0x0000000008000fec                EXTI9_5_IRQHandler
                0x0000000008000fec                SPI2_IRQHandler
                0x0000000008000fec                DMA1_Channel5_IRQHandler
                0x0000000008000fec                EXTI4_IRQHandler
                0x0000000008000fec                USB_HP_CAN1_TX_IRQHandler
                0x0000000008000fec                DMA1_Channel3_IRQHandler
                0x0000000008000fec                TIM1_UP_IRQHandler
                0x0000000008000fec                WWDG_IRQHandler
                0x0000000008000fec                TIM2_IRQHandler
                0x0000000008000fec                TIM1_BRK_IRQHandler
                0x0000000008000fec                EXTI1_IRQHandler
                0x0000000008000fec                USART2_IRQHandler
                0x0000000008000fec                I2C2_ER_IRQHandler
                0x0000000008000fec                DMA1_Channel2_IRQHandler
                0x0000000008000fec                CAN1_SCE_IRQHandler
                0x0000000008000fec                FLASH_IRQHandler
                0x0000000008000fec                USART1_IRQHandler
                0x0000000008000fec                I2C1_ER_IRQHandler
                0x0000000008000fec                RTC_Alarm_IRQHandler
 *fill*         0x0000000008000fee        0x2 
 .text.HAL_Init
                0x0000000008000ff0       0x2c Drivers/STM32F1xx_HAL_Driver/Src/stm32f1xx_hal.o
                0x0000000008000ff0                HAL_Init
 .text.HAL_InitTick
                0x000000000800101c       0x60 Drivers/STM32F1xx_HAL_Driver/Src/stm32f1xx_hal.o
                0x000000000800101c                HAL_InitTick
 .text.HAL_IncTick
                0x000000000800107c       0x24 Drivers/STM32F1xx_HAL_Driver/Src/stm32f1xx_hal.o
                0x000000000800107c                HAL_IncTick
 .text.HAL_GetTick
                0x00000000080010a0       0x14 Drivers/STM32F1xx_HAL_Driver/Src/stm32f1xx_hal.o
                0x00000000080010a0                HAL_GetTick
 .text.HAL_Delay
                0x00000000080010b4       0x48 Drivers/STM32F1xx_HAL_Driver/Src/stm32f1xx_hal.o
                0x00000000080010b4                HAL_Delay
 .text.HAL_ADC_Init
                0x00000000080010fc      0x1b0 Drivers/STM32F1xx_HAL_Driver/Src/stm32f1xx_hal_adc.o
                0x00000000080010fc                HAL_ADC_Init
 .text.HAL_ADC_ConfigChannel
                0x00000000080012ac      0x1f0 Drivers/STM32F1xx_HAL_Driver/Src/stm32f1xx_hal_adc.o
                0x00000000080012ac                HAL_ADC_ConfigChannel
 .text.ADC_ConversionStop_Disable
                0x000000000800149c       0x74 Drivers/STM32F1xx_HAL_Driver/Src/stm32f1xx_hal_adc.o
                0x000000000800149c                ADC_ConversionStop_Disable
 .text.__NVIC_SetPriorityGrouping
                0x0000000008001510       0x48 Drivers/STM32F1xx_HAL_Driver/Src/stm32f1xx_hal_cortex.o
 .text.__NVIC_GetPriorityGrouping
                0x0000000008001558       0x1c Drivers/STM32F1xx_HAL_Driver/Src/stm32f1xx_hal_cortex.o
 .text.__NVIC_EnableIRQ
                0x0000000008001574       0x38 Drivers/STM32F1xx_HAL_Driver/Src/stm32f1xx_hal_cortex.o
 .text.__NVIC_SetPriority
                0x00000000080015ac       0x54 Drivers/STM32F1xx_HAL_Driver/Src/stm32f1xx_hal_cortex.o
 .text.NVIC_EncodePriority
                0x0000000008001600       0x64 Drivers/STM32F1xx_HAL_Driver/Src/stm32f1xx_hal_cortex.o
 .text.SysTick_Config
                0x0000000008001664       0x44 Drivers/STM32F1xx_HAL_Driver/Src/stm32f1xx_hal_cortex.o
 .text.HAL_NVIC_SetPriorityGrouping
                0x00000000080016a8       0x16 Drivers/STM32F1xx_HAL_Driver/Src/stm32f1xx_hal_cortex.o
                0x00000000080016a8                HAL_NVIC_SetPriorityGrouping
 .text.HAL_NVIC_SetPriority
                0x00000000080016be       0x38 Drivers/STM32F1xx_HAL_Driver/Src/stm32f1xx_hal_cortex.o
                0x00000000080016be                HAL_NVIC_SetPriority
 .text.HAL_NVIC_EnableIRQ
                0x00000000080016f6       0x1c Drivers/STM32F1xx_HAL_Driver/Src/stm32f1xx_hal_cortex.o
                0x00000000080016f6                HAL_NVIC_EnableIRQ
 .text.HAL_SYSTICK_Config
                0x0000000008001712       0x18 Drivers/STM32F1xx_HAL_Driver/Src/stm32f1xx_hal_cortex.o
                0x0000000008001712                HAL_SYSTICK_Config
 *fill*         0x000000000800172a        0x2 
 .text.HAL_GPIO_Init
                0x000000000800172c      0x308 Drivers/STM32F1xx_HAL_Driver/Src/stm32f1xx_hal_gpio.o
                0x000000000800172c                HAL_GPIO_Init
 .text.HAL_GPIO_ReadPin
                0x0000000008001a34       0x2e Drivers/STM32F1xx_HAL_Driver/Src/stm32f1xx_hal_gpio.o
                0x0000000008001a34                HAL_GPIO_ReadPin
 .text.HAL_GPIO_WritePin
                0x0000000008001a62       0x30 Drivers/STM32F1xx_HAL_Driver/Src/stm32f1xx_hal_gpio.o
                0x0000000008001a62                HAL_GPIO_WritePin
 .text.HAL_GPIO_TogglePin
                0x0000000008001a92       0x32 Drivers/STM32F1xx_HAL_Driver/Src/stm32f1xx_hal_gpio.o
                0x0000000008001a92                HAL_GPIO_TogglePin
 .text.HAL_PCD_Init
                0x0000000008001ac4      0x216 Drivers/STM32F1xx_HAL_Driver/Src/stm32f1xx_hal_pcd.o
                0x0000000008001ac4                HAL_PCD_Init
 .text.HAL_PCD_Start
                0x0000000008001cda       0x4c Drivers/STM32F1xx_HAL_Driver/Src/stm32f1xx_hal_pcd.o
                0x0000000008001cda                HAL_PCD_Start
 .text.HAL_PCD_IRQHandler
                0x0000000008001d26      0x2aa Drivers/STM32F1xx_HAL_Driver/Src/stm32f1xx_hal_pcd.o
                0x0000000008001d26                HAL_PCD_IRQHandler
 .text.HAL_PCD_SetAddress
                0x0000000008001fd0       0x4a Drivers/STM32F1xx_HAL_Driver/Src/stm32f1xx_hal_pcd.o
                0x0000000008001fd0                HAL_PCD_SetAddress
 .text.HAL_PCD_EP_Open
                0x000000000800201a       0xcc Drivers/STM32F1xx_HAL_Driver/Src/stm32f1xx_hal_pcd.o
                0x000000000800201a                HAL_PCD_EP_Open
 .text.HAL_PCD_EP_Close
                0x00000000080020e6       0x90 Drivers/STM32F1xx_HAL_Driver/Src/stm32f1xx_hal_pcd.o
                0x00000000080020e6                HAL_PCD_EP_Close
 .text.HAL_PCD_EP_Receive
                0x0000000008002176       0x7a Drivers/STM32F1xx_HAL_Driver/Src/stm32f1xx_hal_pcd.o
                0x0000000008002176                HAL_PCD_EP_Receive
 .text.HAL_PCD_EP_GetRxCount
                0x00000000080021f0       0x2e Drivers/STM32F1xx_HAL_Driver/Src/stm32f1xx_hal_pcd.o
                0x00000000080021f0                HAL_PCD_EP_GetRxCount
 .text.HAL_PCD_EP_Transmit
                0x000000000800221e       0x86 Drivers/STM32F1xx_HAL_Driver/Src/stm32f1xx_hal_pcd.o
                0x000000000800221e                HAL_PCD_EP_Transmit
 .text.HAL_PCD_EP_SetStall
                0x00000000080022a4       0xc0 Drivers/STM32F1xx_HAL_Driver/Src/stm32f1xx_hal_pcd.o
                0x00000000080022a4                HAL_PCD_EP_SetStall
 .text.HAL_PCD_EP_ClrStall
                0x0000000008002364       0xa8 Drivers/STM32F1xx_HAL_Driver/Src/stm32f1xx_hal_pcd.o
                0x0000000008002364                HAL_PCD_EP_ClrStall
 .text.PCD_EP_ISR_Handler
                0x000000000800240c      0x5e6 Drivers/STM32F1xx_HAL_Driver/Src/stm32f1xx_hal_pcd.o
 .text.HAL_PCD_EP_DB_Receive
                0x00000000080029f2      0x21a Drivers/STM32F1xx_HAL_Driver/Src/stm32f1xx_hal_pcd.o
 .text.HAL_PCD_EP_DB_Transmit
                0x0000000008002c0c      0x556 Drivers/STM32F1xx_HAL_Driver/Src/stm32f1xx_hal_pcd.o
 .text.HAL_PCDEx_PMAConfig
                0x0000000008003162       0x84 Drivers/STM32F1xx_HAL_Driver/Src/stm32f1xx_hal_pcd_ex.o
                0x0000000008003162                HAL_PCDEx_PMAConfig
 *fill*         0x00000000080031e6        0x2 
 .text.HAL_RCC_OscConfig
                0x00000000080031e8      0x500 Drivers/STM32F1xx_HAL_Driver/Src/stm32f1xx_hal_rcc.o
                0x00000000080031e8                HAL_RCC_OscConfig
 .text.HAL_RCC_ClockConfig
                0x00000000080036e8      0x1d4 Drivers/STM32F1xx_HAL_Driver/Src/stm32f1xx_hal_rcc.o
                0x00000000080036e8                HAL_RCC_ClockConfig
 .text.HAL_RCC_GetSysClockFreq
                0x00000000080038bc       0xc4 Drivers/STM32F1xx_HAL_Driver/Src/stm32f1xx_hal_rcc.o
                0x00000000080038bc                HAL_RCC_GetSysClockFreq
 .text.HAL_RCC_GetHCLKFreq
                0x0000000008003980       0x14 Drivers/STM32F1xx_HAL_Driver/Src/stm32f1xx_hal_rcc.o
                0x0000000008003980                HAL_RCC_GetHCLKFreq
 .text.HAL_RCC_GetPCLK1Freq
                0x0000000008003994       0x28 Drivers/STM32F1xx_HAL_Driver/Src/stm32f1xx_hal_rcc.o
                0x0000000008003994                HAL_RCC_GetPCLK1Freq
 .text.HAL_RCC_GetPCLK2Freq
                0x00000000080039bc       0x28 Drivers/STM32F1xx_HAL_Driver/Src/stm32f1xx_hal_rcc.o
                0x00000000080039bc                HAL_RCC_GetPCLK2Freq
 .text.RCC_Delay
                0x00000000080039e4       0x3c Drivers/STM32F1xx_HAL_Driver/Src/stm32f1xx_hal_rcc.o
 .text.HAL_RCCEx_PeriphCLKConfig
                0x0000000008003a20      0x16c Drivers/STM32F1xx_HAL_Driver/Src/stm32f1xx_hal_rcc_ex.o
                0x0000000008003a20                HAL_RCCEx_PeriphCLKConfig
 .text.HAL_TIM_Base_Init
                0x0000000008003b8c       0x9e Drivers/STM32F1xx_HAL_Driver/Src/stm32f1xx_hal_tim.o
                0x0000000008003b8c                HAL_TIM_Base_Init
 .text.HAL_TIM_PWM_Init
                0x0000000008003c2a       0x9e Drivers/STM32F1xx_HAL_Driver/Src/stm32f1xx_hal_tim.o
                0x0000000008003c2a                HAL_TIM_PWM_Init
 .text.HAL_TIM_PWM_MspInit
                0x0000000008003cc8       0x12 Drivers/STM32F1xx_HAL_Driver/Src/stm32f1xx_hal_tim.o
                0x0000000008003cc8                HAL_TIM_PWM_MspInit
 *fill*         0x0000000008003cda        0x2 
 .text.HAL_TIM_PWM_Start
                0x0000000008003cdc      0x144 Drivers/STM32F1xx_HAL_Driver/Src/stm32f1xx_hal_tim.o
                0x0000000008003cdc                HAL_TIM_PWM_Start
 .text.HAL_TIM_IC_Init
                0x0000000008003e20       0x9e Drivers/STM32F1xx_HAL_Driver/Src/stm32f1xx_hal_tim.o
                0x0000000008003e20                HAL_TIM_IC_Init
 .text.HAL_TIM_IC_MspInit
                0x0000000008003ebe       0x12 Drivers/STM32F1xx_HAL_Driver/Src/stm32f1xx_hal_tim.o
                0x0000000008003ebe                HAL_TIM_IC_MspInit
 .text.HAL_TIM_IC_ConfigChannel
                0x0000000008003ed0      0x128 Drivers/STM32F1xx_HAL_Driver/Src/stm32f1xx_hal_tim.o
                0x0000000008003ed0                HAL_TIM_IC_ConfigChannel
 .text.HAL_TIM_PWM_ConfigChannel
                0x0000000008003ff8      0x17c Drivers/STM32F1xx_HAL_Driver/Src/stm32f1xx_hal_tim.o
                0x0000000008003ff8                HAL_TIM_PWM_ConfigChannel
 .text.HAL_TIM_ConfigClockSource
                0x0000000008004174      0x188 Drivers/STM32F1xx_HAL_Driver/Src/stm32f1xx_hal_tim.o
                0x0000000008004174                HAL_TIM_ConfigClockSource
 .text.TIM_Base_SetConfig
                0x00000000080042fc       0xc4 Drivers/STM32F1xx_HAL_Driver/Src/stm32f1xx_hal_tim.o
                0x00000000080042fc                TIM_Base_SetConfig
 .text.TIM_OC1_SetConfig
                0x00000000080043c0       0xcc Drivers/STM32F1xx_HAL_Driver/Src/stm32f1xx_hal_tim.o
 .text.TIM_OC2_SetConfig
                0x000000000800448c       0xd4 Drivers/STM32F1xx_HAL_Driver/Src/stm32f1xx_hal_tim.o
                0x000000000800448c                TIM_OC2_SetConfig
 .text.TIM_OC3_SetConfig
                0x0000000008004560       0xd4 Drivers/STM32F1xx_HAL_Driver/Src/stm32f1xx_hal_tim.o
 .text.TIM_OC4_SetConfig
                0x0000000008004634       0x9c Drivers/STM32F1xx_HAL_Driver/Src/stm32f1xx_hal_tim.o
 .text.TIM_TI1_SetConfig
                0x00000000080046d0       0xb4 Drivers/STM32F1xx_HAL_Driver/Src/stm32f1xx_hal_tim.o
                0x00000000080046d0                TIM_TI1_SetConfig
 .text.TIM_TI1_ConfigInputStage
                0x0000000008004784       0x5c Drivers/STM32F1xx_HAL_Driver/Src/stm32f1xx_hal_tim.o
 .text.TIM_TI2_SetConfig
                0x00000000080047e0       0x78 Drivers/STM32F1xx_HAL_Driver/Src/stm32f1xx_hal_tim.o
 .text.TIM_TI2_ConfigInputStage
                0x0000000008004858       0x5e Drivers/STM32F1xx_HAL_Driver/Src/stm32f1xx_hal_tim.o
 .text.TIM_TI3_SetConfig
                0x00000000080048b6       0x76 Drivers/STM32F1xx_HAL_Driver/Src/stm32f1xx_hal_tim.o
 .text.TIM_TI4_SetConfig
                0x000000000800492c       0x78 Drivers/STM32F1xx_HAL_Driver/Src/stm32f1xx_hal_tim.o
 .text.TIM_ITRx_SetConfig
                0x00000000080049a4       0x34 Drivers/STM32F1xx_HAL_Driver/Src/stm32f1xx_hal_tim.o
 .text.TIM_ETR_SetConfig
                0x00000000080049d8       0x3e Drivers/STM32F1xx_HAL_Driver/Src/stm32f1xx_hal_tim.o
                0x00000000080049d8                TIM_ETR_SetConfig
 .text.TIM_CCxChannelCmd
                0x0000000008004a16       0x48 Drivers/STM32F1xx_HAL_Driver/Src/stm32f1xx_hal_tim.o
                0x0000000008004a16                TIM_CCxChannelCmd
 *fill*         0x0000000008004a5e        0x2 
 .text.HAL_TIMEx_MasterConfigSynchronization
                0x0000000008004a60       0xbc Drivers/STM32F1xx_HAL_Driver/Src/stm32f1xx_hal_tim_ex.o
                0x0000000008004a60                HAL_TIMEx_MasterConfigSynchronization
 .text.HAL_UART_Init
                0x0000000008004b1c       0x9a Drivers/STM32F1xx_HAL_Driver/Src/stm32f1xx_hal_uart.o
                0x0000000008004b1c                HAL_UART_Init
 *fill*         0x0000000008004bb6        0x2 
 .text.UART_SetConfig
                0x0000000008004bb8      0x11c Drivers/STM32F1xx_HAL_Driver/Src/stm32f1xx_hal_uart.o
 .text.USB_CoreInit
                0x0000000008004cd4       0x20 Drivers/STM32F1xx_HAL_Driver/Src/stm32f1xx_ll_usb.o
                0x0000000008004cd4                USB_CoreInit
 .text.USB_EnableGlobalInt
                0x0000000008004cf4       0x2c Drivers/STM32F1xx_HAL_Driver/Src/stm32f1xx_ll_usb.o
                0x0000000008004cf4                USB_EnableGlobalInt
 .text.USB_DisableGlobalInt
                0x0000000008004d20       0x34 Drivers/STM32F1xx_HAL_Driver/Src/stm32f1xx_ll_usb.o
                0x0000000008004d20                USB_DisableGlobalInt
 .text.USB_SetCurrentMode
                0x0000000008004d54       0x18 Drivers/STM32F1xx_HAL_Driver/Src/stm32f1xx_ll_usb.o
                0x0000000008004d54                USB_SetCurrentMode
 .text.USB_DevInit
                0x0000000008004d6c       0x40 Drivers/STM32F1xx_HAL_Driver/Src/stm32f1xx_ll_usb.o
                0x0000000008004d6c                USB_DevInit
 .text.USB_ActivateEndpoint
                0x0000000008004dac      0x6d4 Drivers/STM32F1xx_HAL_Driver/Src/stm32f1xx_ll_usb.o
                0x0000000008004dac                USB_ActivateEndpoint
 .text.USB_DeactivateEndpoint
                0x0000000008005480      0x3d8 Drivers/STM32F1xx_HAL_Driver/Src/stm32f1xx_ll_usb.o
                0x0000000008005480                USB_DeactivateEndpoint
 .text.USB_EPStartXfer
                0x0000000008005858     0x1240 Drivers/STM32F1xx_HAL_Driver/Src/stm32f1xx_ll_usb.o
                0x0000000008005858                USB_EPStartXfer
 .text.USB_EPSetStall
                0x0000000008006a98       0xa0 Drivers/STM32F1xx_HAL_Driver/Src/stm32f1xx_ll_usb.o
                0x0000000008006a98                USB_EPSetStall
 .text.USB_EPClearStall
                0x0000000008006b38      0x15a Drivers/STM32F1xx_HAL_Driver/Src/stm32f1xx_ll_usb.o
                0x0000000008006b38                USB_EPClearStall
 .text.USB_SetDevAddress
                0x0000000008006c92       0x26 Drivers/STM32F1xx_HAL_Driver/Src/stm32f1xx_ll_usb.o
                0x0000000008006c92                USB_SetDevAddress
 .text.USB_DevConnect
                0x0000000008006cb8       0x14 Drivers/STM32F1xx_HAL_Driver/Src/stm32f1xx_ll_usb.o
                0x0000000008006cb8                USB_DevConnect
 .text.USB_DevDisconnect
                0x0000000008006ccc       0x14 Drivers/STM32F1xx_HAL_Driver/Src/stm32f1xx_ll_usb.o
                0x0000000008006ccc                USB_DevDisconnect
 .text.USB_ReadInterrupts
                0x0000000008006ce0       0x1e Drivers/STM32F1xx_HAL_Driver/Src/stm32f1xx_ll_usb.o
                0x0000000008006ce0                USB_ReadInterrupts
 .text.USB_EP0_OutStart
                0x0000000008006cfe       0x16 Drivers/STM32F1xx_HAL_Driver/Src/stm32f1xx_ll_usb.o
                0x0000000008006cfe                USB_EP0_OutStart
 .text.USB_WritePMA
                0x0000000008006d14       0x8a Drivers/STM32F1xx_HAL_Driver/Src/stm32f1xx_ll_usb.o
                0x0000000008006d14                USB_WritePMA
 .text.USB_ReadPMA
                0x0000000008006d9e       0x9e Drivers/STM32F1xx_HAL_Driver/Src/stm32f1xx_ll_usb.o
                0x0000000008006d9e                USB_ReadPMA
 .text.USBD_CDC_Init
                0x0000000008006e3c       0xf4 Middlewares/ST/STM32_USB_Device_Library/Class/CDC/Src/usbd_cdc.o
 .text.USBD_CDC_DeInit
                0x0000000008006f30       0x6e Middlewares/ST/STM32_USB_Device_Library/Class/CDC/Src/usbd_cdc.o
 .text.USBD_CDC_Setup
                0x0000000008006f9e      0x146 Middlewares/ST/STM32_USB_Device_Library/Class/CDC/Src/usbd_cdc.o
 .text.USBD_CDC_DataIn
                0x00000000080070e4       0xa6 Middlewares/ST/STM32_USB_Device_Library/Class/CDC/Src/usbd_cdc.o
 .text.USBD_CDC_DataOut
                0x000000000800718a       0x56 Middlewares/ST/STM32_USB_Device_Library/Class/CDC/Src/usbd_cdc.o
 .text.USBD_CDC_EP0_RxReady
                0x00000000080071e0       0x50 Middlewares/ST/STM32_USB_Device_Library/Class/CDC/Src/usbd_cdc.o
 .text.USBD_CDC_GetFSCfgDesc
                0x0000000008007230       0x20 Middlewares/ST/STM32_USB_Device_Library/Class/CDC/Src/usbd_cdc.o
 .text.USBD_CDC_GetHSCfgDesc
                0x0000000008007250       0x20 Middlewares/ST/STM32_USB_Device_Library/Class/CDC/Src/usbd_cdc.o
 .text.USBD_CDC_GetOtherSpeedCfgDesc
                0x0000000008007270       0x20 Middlewares/ST/STM32_USB_Device_Library/Class/CDC/Src/usbd_cdc.o
 .text.USBD_CDC_GetDeviceQualifierDescriptor
                0x0000000008007290       0x20 Middlewares/ST/STM32_USB_Device_Library/Class/CDC/Src/usbd_cdc.o
                0x0000000008007290                USBD_CDC_GetDeviceQualifierDescriptor
 .text.USBD_CDC_RegisterInterface
                0x00000000080072b0       0x2c Middlewares/ST/STM32_USB_Device_Library/Class/CDC/Src/usbd_cdc.o
                0x00000000080072b0                USBD_CDC_RegisterInterface
 .text.USBD_CDC_SetTxBuffer
                0x00000000080072dc       0x32 Middlewares/ST/STM32_USB_Device_Library/Class/CDC/Src/usbd_cdc.o
                0x00000000080072dc                USBD_CDC_SetTxBuffer
 .text.USBD_CDC_SetRxBuffer
                0x000000000800730e       0x26 Middlewares/ST/STM32_USB_Device_Library/Class/CDC/Src/usbd_cdc.o
                0x000000000800730e                USBD_CDC_SetRxBuffer
 .text.USBD_CDC_ReceivePacket
                0x0000000008007334       0x54 Middlewares/ST/STM32_USB_Device_Library/Class/CDC/Src/usbd_cdc.o
                0x0000000008007334                USBD_CDC_ReceivePacket
 .text.USBD_Init
                0x0000000008007388       0x56 Middlewares/ST/STM32_USB_Device_Library/Core/Src/usbd_core.o
                0x0000000008007388                USBD_Init
 .text.USBD_RegisterClass
                0x00000000080073de       0x32 Middlewares/ST/STM32_USB_Device_Library/Core/Src/usbd_core.o
                0x00000000080073de                USBD_RegisterClass
 .text.USBD_Start
                0x0000000008007410       0x18 Middlewares/ST/STM32_USB_Device_Library/Core/Src/usbd_core.o
                0x0000000008007410                USBD_Start
 .text.USBD_RunTestMode
                0x0000000008007428       0x14 Middlewares/ST/STM32_USB_Device_Library/Core/Src/usbd_core.o
                0x0000000008007428                USBD_RunTestMode
 .text.USBD_SetClassConfig
                0x000000000800743c       0x3e Middlewares/ST/STM32_USB_Device_Library/Core/Src/usbd_core.o
                0x000000000800743c                USBD_SetClassConfig
 .text.USBD_ClrClassConfig
                0x000000000800747a       0x26 Middlewares/ST/STM32_USB_Device_Library/Core/Src/usbd_core.o
                0x000000000800747a                USBD_ClrClassConfig
 .text.USBD_LL_SetupStage
                0x00000000080074a0       0x9a Middlewares/ST/STM32_USB_Device_Library/Core/Src/usbd_core.o
                0x00000000080074a0                USBD_LL_SetupStage
 .text.USBD_LL_DataOutStage
                0x000000000800753a       0xe2 Middlewares/ST/STM32_USB_Device_Library/Core/Src/usbd_core.o
                0x000000000800753a                USBD_LL_DataOutStage
 .text.USBD_LL_DataInStage
                0x000000000800761c      0x14a Middlewares/ST/STM32_USB_Device_Library/Core/Src/usbd_core.o
                0x000000000800761c                USBD_LL_DataInStage
 .text.USBD_LL_Reset
                0x0000000008007766       0x82 Middlewares/ST/STM32_USB_Device_Library/Core/Src/usbd_core.o
                0x0000000008007766                USBD_LL_Reset
 .text.USBD_LL_SetSpeed
                0x00000000080077e8       0x1e Middlewares/ST/STM32_USB_Device_Library/Core/Src/usbd_core.o
                0x00000000080077e8                USBD_LL_SetSpeed
 .text.USBD_LL_Suspend
                0x0000000008007806       0x28 Middlewares/ST/STM32_USB_Device_Library/Core/Src/usbd_core.o
                0x0000000008007806                USBD_LL_Suspend
 .text.USBD_LL_Resume
                0x000000000800782e       0x2a Middlewares/ST/STM32_USB_Device_Library/Core/Src/usbd_core.o
                0x000000000800782e                USBD_LL_Resume
 .text.USBD_LL_SOF
                0x0000000008007858       0x34 Middlewares/ST/STM32_USB_Device_Library/Core/Src/usbd_core.o
                0x0000000008007858                USBD_LL_SOF
 .text.USBD_StdDevReq
                0x000000000800788c       0xd4 Middlewares/ST/STM32_USB_Device_Library/Core/Src/usbd_ctlreq.o
                0x000000000800788c                USBD_StdDevReq
 .text.USBD_StdItfReq
                0x0000000008007960       0x90 Middlewares/ST/STM32_USB_Device_Library/Core/Src/usbd_ctlreq.o
                0x0000000008007960                USBD_StdItfReq
 .text.USBD_StdEPReq
                0x00000000080079f0      0x2c6 Middlewares/ST/STM32_USB_Device_Library/Core/Src/usbd_ctlreq.o
                0x00000000080079f0                USBD_StdEPReq
 *fill*         0x0000000008007cb6        0x2 
 .text.USBD_GetDescriptor
                0x0000000008007cb8      0x2d0 Middlewares/ST/STM32_USB_Device_Library/Core/Src/usbd_ctlreq.o
 .text.USBD_SetAddress
                0x0000000008007f88       0x86 Middlewares/ST/STM32_USB_Device_Library/Core/Src/usbd_ctlreq.o
 *fill*         0x000000000800800e        0x2 
 .text.USBD_SetConfig
                0x0000000008008010      0x11c Middlewares/ST/STM32_USB_Device_Library/Core/Src/usbd_ctlreq.o
 .text.USBD_GetConfig
                0x000000000800812c       0x6a Middlewares/ST/STM32_USB_Device_Library/Core/Src/usbd_ctlreq.o
 .text.USBD_GetStatus
                0x0000000008008196       0x66 Middlewares/ST/STM32_USB_Device_Library/Core/Src/usbd_ctlreq.o
 .text.USBD_SetFeature
                0x00000000080081fc       0x28 Middlewares/ST/STM32_USB_Device_Library/Core/Src/usbd_ctlreq.o
 .text.USBD_ClrFeature
                0x0000000008008224       0x42 Middlewares/ST/STM32_USB_Device_Library/Core/Src/usbd_ctlreq.o
 .text.USBD_ParseSetupRequest
                0x0000000008008266       0x78 Middlewares/ST/STM32_USB_Device_Library/Core/Src/usbd_ctlreq.o
                0x0000000008008266                USBD_ParseSetupRequest
 .text.USBD_CtlError
                0x00000000080082de       0x22 Middlewares/ST/STM32_USB_Device_Library/Core/Src/usbd_ctlreq.o
                0x00000000080082de                USBD_CtlError
 .text.USBD_GetString
                0x0000000008008300       0x84 Middlewares/ST/STM32_USB_Device_Library/Core/Src/usbd_ctlreq.o
                0x0000000008008300                USBD_GetString
 .text.USBD_GetLen
                0x0000000008008384       0x2e Middlewares/ST/STM32_USB_Device_Library/Core/Src/usbd_ctlreq.o
 .text.USBD_CtlSendData
                0x00000000080083b2       0x38 Middlewares/ST/STM32_USB_Device_Library/Core/Src/usbd_ioreq.o
                0x00000000080083b2                USBD_CtlSendData
 .text.USBD_CtlContinueSendData
                0x00000000080083ea       0x24 Middlewares/ST/STM32_USB_Device_Library/Core/Src/usbd_ioreq.o
                0x00000000080083ea                USBD_CtlContinueSendData
 .text.USBD_CtlPrepareRx
                0x000000000800840e       0x3c Middlewares/ST/STM32_USB_Device_Library/Core/Src/usbd_ioreq.o
                0x000000000800840e                USBD_CtlPrepareRx
 .text.USBD_CtlContinueRx
                0x000000000800844a       0x24 Middlewares/ST/STM32_USB_Device_Library/Core/Src/usbd_ioreq.o
                0x000000000800844a                USBD_CtlContinueRx
 .text.USBD_CtlSendStatus
                0x000000000800846e       0x26 Middlewares/ST/STM32_USB_Device_Library/Core/Src/usbd_ioreq.o
                0x000000000800846e                USBD_CtlSendStatus
 .text.USBD_CtlReceiveStatus
                0x0000000008008494       0x26 Middlewares/ST/STM32_USB_Device_Library/Core/Src/usbd_ioreq.o
                0x0000000008008494                USBD_CtlReceiveStatus
 *fill*         0x00000000080084ba        0x2 
 .text.MX_USB_DEVICE_Init
                0x00000000080084bc       0x60 USB_DEVICE/App/usb_device.o
                0x00000000080084bc                MX_USB_DEVICE_Init
 .text.CDC_Init_FS
                0x000000000800851c       0x28 USB_DEVICE/App/usbd_cdc_if.o
 .text.CDC_DeInit_FS
                0x0000000008008544        0xe USB_DEVICE/App/usbd_cdc_if.o
 *fill*         0x0000000008008552        0x2 
 .text.CDC_Control_FS
                0x0000000008008554       0xbc USB_DEVICE/App/usbd_cdc_if.o
 .text.CDC_Receive_FS
                0x0000000008008610       0x34 USB_DEVICE/App/usbd_cdc_if.o
 .text.USBD_FS_DeviceDescriptor
                0x0000000008008644       0x24 USB_DEVICE/App/usbd_desc.o
                0x0000000008008644                USBD_FS_DeviceDescriptor
 .text.USBD_FS_LangIDStrDescriptor
                0x0000000008008668       0x24 USB_DEVICE/App/usbd_desc.o
                0x0000000008008668                USBD_FS_LangIDStrDescriptor
 .text.USBD_FS_ProductStrDescriptor
                0x000000000800868c       0x3c USB_DEVICE/App/usbd_desc.o
                0x000000000800868c                USBD_FS_ProductStrDescriptor
 .text.USBD_FS_ManufacturerStrDescriptor
                0x00000000080086c8       0x28 USB_DEVICE/App/usbd_desc.o
                0x00000000080086c8                USBD_FS_ManufacturerStrDescriptor
 .text.USBD_FS_SerialStrDescriptor
                0x00000000080086f0       0x24 USB_DEVICE/App/usbd_desc.o
                0x00000000080086f0                USBD_FS_SerialStrDescriptor
 .text.USBD_FS_ConfigStrDescriptor
                0x0000000008008714       0x3c USB_DEVICE/App/usbd_desc.o
                0x0000000008008714                USBD_FS_ConfigStrDescriptor
 .text.USBD_FS_InterfaceStrDescriptor
                0x0000000008008750       0x3c USB_DEVICE/App/usbd_desc.o
                0x0000000008008750                USBD_FS_InterfaceStrDescriptor
 .text.Get_SerialNum
                0x000000000800878c       0x58 USB_DEVICE/App/usbd_desc.o
 .text.IntToUnicode
                0x00000000080087e4       0x7c USB_DEVICE/App/usbd_desc.o
 .text.HAL_PCD_MspInit
                0x0000000008008860       0x4c USB_DEVICE/Target/usbd_conf.o
                0x0000000008008860                HAL_PCD_MspInit
 .text.HAL_PCD_SetupStageCallback
                0x00000000080088ac       0x24 USB_DEVICE/Target/usbd_conf.o
                0x00000000080088ac                HAL_PCD_SetupStageCallback
 .text.HAL_PCD_DataOutStageCallback
                0x00000000080088d0       0x36 USB_DEVICE/Target/usbd_conf.o
                0x00000000080088d0                HAL_PCD_DataOutStageCallback
 .text.HAL_PCD_DataInStageCallback
                0x0000000008008906       0x34 USB_DEVICE/Target/usbd_conf.o
                0x0000000008008906                HAL_PCD_DataInStageCallback
 .text.HAL_PCD_SOFCallback
                0x000000000800893a       0x1c USB_DEVICE/Target/usbd_conf.o
                0x000000000800893a                HAL_PCD_SOFCallback
 .text.HAL_PCD_ResetCallback
                0x0000000008008956       0x3c USB_DEVICE/Target/usbd_conf.o
                0x0000000008008956                HAL_PCD_ResetCallback
 *fill*         0x0000000008008992        0x2 
 .text.HAL_PCD_SuspendCallback
                0x0000000008008994       0x34 USB_DEVICE/Target/usbd_conf.o
                0x0000000008008994                HAL_PCD_SuspendCallback
 .text.HAL_PCD_ResumeCallback
                0x00000000080089c8       0x1c USB_DEVICE/Target/usbd_conf.o
                0x00000000080089c8                HAL_PCD_ResumeCallback
 .text.USBD_LL_Init
                0x00000000080089e4       0xb4 USB_DEVICE/Target/usbd_conf.o
                0x00000000080089e4                USBD_LL_Init
 .text.USBD_LL_Start
                0x0000000008008a98       0x36 USB_DEVICE/Target/usbd_conf.o
                0x0000000008008a98                USBD_LL_Start
 .text.USBD_LL_OpenEP
                0x0000000008008ace       0x4c USB_DEVICE/Target/usbd_conf.o
                0x0000000008008ace                USBD_LL_OpenEP
 .text.USBD_LL_CloseEP
                0x0000000008008b1a       0x3e USB_DEVICE/Target/usbd_conf.o
                0x0000000008008b1a                USBD_LL_CloseEP
 .text.USBD_LL_StallEP
                0x0000000008008b58       0x3e USB_DEVICE/Target/usbd_conf.o
                0x0000000008008b58                USBD_LL_StallEP
 .text.USBD_LL_ClearStallEP
                0x0000000008008b96       0x3e USB_DEVICE/Target/usbd_conf.o
                0x0000000008008b96                USBD_LL_ClearStallEP
 .text.USBD_LL_IsStallEP
                0x0000000008008bd4       0x58 USB_DEVICE/Target/usbd_conf.o
                0x0000000008008bd4                USBD_LL_IsStallEP
 .text.USBD_LL_SetUSBAddress
                0x0000000008008c2c       0x3e USB_DEVICE/Target/usbd_conf.o
                0x0000000008008c2c                USBD_LL_SetUSBAddress
 .text.USBD_LL_Transmit
                0x0000000008008c6a       0x46 USB_DEVICE/Target/usbd_conf.o
                0x0000000008008c6a                USBD_LL_Transmit
 .text.USBD_LL_PrepareReceive
                0x0000000008008cb0       0x46 USB_DEVICE/Target/usbd_conf.o
                0x0000000008008cb0                USBD_LL_PrepareReceive
 .text.USBD_LL_GetRxDataSize
                0x0000000008008cf6       0x26 USB_DEVICE/Target/usbd_conf.o
                0x0000000008008cf6                USBD_LL_GetRxDataSize
 .text.USBD_static_malloc
                0x0000000008008d1c       0x18 USB_DEVICE/Target/usbd_conf.o
                0x0000000008008d1c                USBD_static_malloc
 .text.USBD_static_free
                0x0000000008008d34       0x12 USB_DEVICE/Target/usbd_conf.o
                0x0000000008008d34                USBD_static_free
 .text.HAL_PCDEx_SetConnectionState
                0x0000000008008d46       0x16 USB_DEVICE/Target/usbd_conf.o
                0x0000000008008d46                HAL_PCDEx_SetConnectionState
 .text.USBD_Get_USB_Status
                0x0000000008008d5c       0x58 USB_DEVICE/Target/usbd_conf.o
 .text.__libc_init_array
                0x0000000008008db4       0x48 /Applications/STM32CubeIDE.app/Contents/Eclipse/plugins/com.st.stm32cube.ide.mcu.externaltools.gnu-tools-for-stm32.9-2020-q2-update.macos64_1.5.0.202011040924/tools/bin/../lib/gcc/arm-none-eabi/9.3.1/../../../../arm-none-eabi/lib/thumb/v7-m/nofp/libc_nano.a(lib_a-init.o)
                0x0000000008008db4                __libc_init_array
 .text.memset   0x0000000008008dfc       0x10 /Applications/STM32CubeIDE.app/Contents/Eclipse/plugins/com.st.stm32cube.ide.mcu.externaltools.gnu-tools-for-stm32.9-2020-q2-update.macos64_1.5.0.202011040924/tools/bin/../lib/gcc/arm-none-eabi/9.3.1/../../../../arm-none-eabi/lib/thumb/v7-m/nofp/libc_nano.a(lib_a-memset.o)
                0x0000000008008dfc                memset
 *(.glue_7)
 .glue_7        0x0000000008008e0c        0x0 linker stubs
 *(.glue_7t)
 .glue_7t       0x0000000008008e0c        0x0 linker stubs
 *(.eh_frame)
 .eh_frame      0x0000000008008e0c        0x0 /Applications/STM32CubeIDE.app/Contents/Eclipse/plugins/com.st.stm32cube.ide.mcu.externaltools.gnu-tools-for-stm32.9-2020-q2-update.macos64_1.5.0.202011040924/tools/bin/../lib/gcc/arm-none-eabi/9.3.1/thumb/v7-m/nofp/crtbegin.o
 *(.init)
 .init          0x0000000008008e0c        0x4 /Applications/STM32CubeIDE.app/Contents/Eclipse/plugins/com.st.stm32cube.ide.mcu.externaltools.gnu-tools-for-stm32.9-2020-q2-update.macos64_1.5.0.202011040924/tools/bin/../lib/gcc/arm-none-eabi/9.3.1/thumb/v7-m/nofp/crti.o
                0x0000000008008e0c                _init
 .init          0x0000000008008e10        0x8 /Applications/STM32CubeIDE.app/Contents/Eclipse/plugins/com.st.stm32cube.ide.mcu.externaltools.gnu-tools-for-stm32.9-2020-q2-update.macos64_1.5.0.202011040924/tools/bin/../lib/gcc/arm-none-eabi/9.3.1/thumb/v7-m/nofp/crtn.o
 *(.fini)
 .fini          0x0000000008008e18        0x4 /Applications/STM32CubeIDE.app/Contents/Eclipse/plugins/com.st.stm32cube.ide.mcu.externaltools.gnu-tools-for-stm32.9-2020-q2-update.macos64_1.5.0.202011040924/tools/bin/../lib/gcc/arm-none-eabi/9.3.1/thumb/v7-m/nofp/crti.o
                0x0000000008008e18                _fini
 .fini          0x0000000008008e1c        0x8 /Applications/STM32CubeIDE.app/Contents/Eclipse/plugins/com.st.stm32cube.ide.mcu.externaltools.gnu-tools-for-stm32.9-2020-q2-update.macos64_1.5.0.202011040924/tools/bin/../lib/gcc/arm-none-eabi/9.3.1/thumb/v7-m/nofp/crtn.o
                0x0000000008008e24                . = ALIGN (0x4)
                0x0000000008008e24                _etext = .

.vfp11_veneer   0x0000000008008e24        0x0
 .vfp11_veneer  0x0000000008008e24        0x0 linker stubs

.v4_bx          0x0000000008008e24        0x0
 .v4_bx         0x0000000008008e24        0x0 linker stubs

.iplt           0x0000000008008e24        0x0
 .iplt          0x0000000008008e24        0x0 /Applications/STM32CubeIDE.app/Contents/Eclipse/plugins/com.st.stm32cube.ide.mcu.externaltools.gnu-tools-for-stm32.9-2020-q2-update.macos64_1.5.0.202011040924/tools/bin/../lib/gcc/arm-none-eabi/9.3.1/thumb/v7-m/nofp/crtbegin.o

.rodata         0x0000000008008e24       0x70
                0x0000000008008e24                . = ALIGN (0x4)
 *(.rodata)
 .rodata        0x0000000008008e24       0x10 Drivers/STM32F1xx_HAL_Driver/Src/stm32f1xx_hal_rcc.o
 .rodata        0x0000000008008e34       0x46 USB_DEVICE/App/usbd_desc.o
 *(.rodata*)
 *fill*         0x0000000008008e7a        0x2 
 .rodata.AHBPrescTable
                0x0000000008008e7c       0x10 Core/Src/system_stm32f1xx.o
                0x0000000008008e7c                AHBPrescTable
 .rodata.APBPrescTable
                0x0000000008008e8c        0x8 Core/Src/system_stm32f1xx.o
                0x0000000008008e8c                APBPrescTable
                0x0000000008008e94                . = ALIGN (0x4)

.rel.dyn        0x0000000008008e94        0x0
 .rel.iplt      0x0000000008008e94        0x0 /Applications/STM32CubeIDE.app/Contents/Eclipse/plugins/com.st.stm32cube.ide.mcu.externaltools.gnu-tools-for-stm32.9-2020-q2-update.macos64_1.5.0.202011040924/tools/bin/../lib/gcc/arm-none-eabi/9.3.1/thumb/v7-m/nofp/crtbegin.o

.ARM.extab      0x0000000008008e94        0x0
                0x0000000008008e94                . = ALIGN (0x4)
 *(.ARM.extab* .gnu.linkonce.armextab.*)
                0x0000000008008e94                . = ALIGN (0x4)

.ARM            0x0000000008008e94        0x0
                0x0000000008008e94                . = ALIGN (0x4)
                0x0000000008008e94                __exidx_start = .
 *(.ARM.exidx*)
                0x0000000008008e94                __exidx_end = .
                0x0000000008008e94                . = ALIGN (0x4)

.preinit_array  0x0000000008008e94        0x0
                0x0000000008008e94                . = ALIGN (0x4)
                0x0000000008008e94                PROVIDE (__preinit_array_start = .)
 *(.preinit_array*)
                0x0000000008008e94                PROVIDE (__preinit_array_end = .)
                0x0000000008008e94                . = ALIGN (0x4)

.init_array     0x0000000008008e94        0x4
                0x0000000008008e94                . = ALIGN (0x4)
                0x0000000008008e94                PROVIDE (__init_array_start = .)
 *(SORT_BY_NAME(.init_array.*))
 *(.init_array*)
 .init_array    0x0000000008008e94        0x4 /Applications/STM32CubeIDE.app/Contents/Eclipse/plugins/com.st.stm32cube.ide.mcu.externaltools.gnu-tools-for-stm32.9-2020-q2-update.macos64_1.5.0.202011040924/tools/bin/../lib/gcc/arm-none-eabi/9.3.1/thumb/v7-m/nofp/crtbegin.o
                0x0000000008008e98                PROVIDE (__init_array_end = .)
                0x0000000008008e98                . = ALIGN (0x4)

.fini_array     0x0000000008008e98        0x4
                0x0000000008008e98                . = ALIGN (0x4)
                [!provide]                        PROVIDE (__fini_array_start = .)
 *(SORT_BY_NAME(.fini_array.*))
 *(.fini_array*)
 .fini_array    0x0000000008008e98        0x4 /Applications/STM32CubeIDE.app/Contents/Eclipse/plugins/com.st.stm32cube.ide.mcu.externaltools.gnu-tools-for-stm32.9-2020-q2-update.macos64_1.5.0.202011040924/tools/bin/../lib/gcc/arm-none-eabi/9.3.1/thumb/v7-m/nofp/crtbegin.o
                [!provide]                        PROVIDE (__fini_array_end = .)
                0x0000000008008e9c                . = ALIGN (0x4)
                0x0000000008008e9c                _sidata = LOADADDR (.data)

.data           0x0000000020000000      0x17c load address 0x0000000008008e9c
                0x0000000020000000                . = ALIGN (0x4)
                0x0000000020000000                _sdata = .
 *(.data)
 *(.data*)
 .data.SystemCoreClock
                0x0000000020000000        0x4 Core/Src/system_stm32f1xx.o
                0x0000000020000000                SystemCoreClock
 .data.uwTickPrio
                0x0000000020000004        0x4 Drivers/STM32F1xx_HAL_Driver/Src/stm32f1xx_hal.o
                0x0000000020000004                uwTickPrio
 .data.uwTickFreq
                0x0000000020000008        0x1 Drivers/STM32F1xx_HAL_Driver/Src/stm32f1xx_hal.o
                0x0000000020000008                uwTickFreq
 *fill*         0x0000000020000009        0x3 
 .data.USBD_CDC_DeviceQualifierDesc
                0x000000002000000c        0xa Middlewares/ST/STM32_USB_Device_Library/Class/CDC/Src/usbd_cdc.o
 *fill*         0x0000000020000016        0x2 
 .data.USBD_CDC
                0x0000000020000018       0x38 Middlewares/ST/STM32_USB_Device_Library/Class/CDC/Src/usbd_cdc.o
                0x0000000020000018                USBD_CDC
 .data.USBD_CDC_CfgHSDesc
                0x0000000020000050       0x43 Middlewares/ST/STM32_USB_Device_Library/Class/CDC/Src/usbd_cdc.o
                0x0000000020000050                USBD_CDC_CfgHSDesc
 *fill*         0x0000000020000093        0x1 
 .data.USBD_CDC_CfgFSDesc
                0x0000000020000094       0x43 Middlewares/ST/STM32_USB_Device_Library/Class/CDC/Src/usbd_cdc.o
                0x0000000020000094                USBD_CDC_CfgFSDesc
 *fill*         0x00000000200000d7        0x1 
 .data.USBD_CDC_OtherSpeedCfgDesc
                0x00000000200000d8       0x43 Middlewares/ST/STM32_USB_Device_Library/Class/CDC/Src/usbd_cdc.o
                0x00000000200000d8                USBD_CDC_OtherSpeedCfgDesc
 *fill*         0x000000002000011b        0x1 
 .data.USBD_Interface_fops_FS
                0x000000002000011c       0x10 USB_DEVICE/App/usbd_cdc_if.o
                0x000000002000011c                USBD_Interface_fops_FS
 .data.FS_Desc  0x000000002000012c       0x1c USB_DEVICE/App/usbd_desc.o
                0x000000002000012c                FS_Desc
 .data.USBD_FS_DeviceDesc
                0x0000000020000148       0x12 USB_DEVICE/App/usbd_desc.o
                0x0000000020000148                USBD_FS_DeviceDesc
 *fill*         0x000000002000015a        0x2 
 .data.USBD_LangIDDesc
                0x000000002000015c        0x4 USB_DEVICE/App/usbd_desc.o
                0x000000002000015c                USBD_LangIDDesc
 .data.USBD_StringSerial
                0x0000000020000160       0x1a USB_DEVICE/App/usbd_desc.o
                0x0000000020000160                USBD_StringSerial
 *(.RamFunc)
 *(.RamFunc*)
                0x000000002000017c                . = ALIGN (0x4)
 *fill*         0x000000002000017a        0x2 
                0x000000002000017c                _edata = .

.igot.plt       0x000000002000017c        0x0 load address 0x0000000008009018
 .igot.plt      0x000000002000017c        0x0 /Applications/STM32CubeIDE.app/Contents/Eclipse/plugins/com.st.stm32cube.ide.mcu.externaltools.gnu-tools-for-stm32.9-2020-q2-update.macos64_1.5.0.202011040924/tools/bin/../lib/gcc/arm-none-eabi/9.3.1/thumb/v7-m/nofp/crtbegin.o
                0x000000002000017c                . = ALIGN (0x4)

.bss            0x000000002000017c     0x133c load address 0x0000000008009018
                0x000000002000017c                _sbss = .
                0x000000002000017c                __bss_start__ = _sbss
 *(.bss)
 .bss           0x000000002000017c       0x1c /Applications/STM32CubeIDE.app/Contents/Eclipse/plugins/com.st.stm32cube.ide.mcu.externaltools.gnu-tools-for-stm32.9-2020-q2-update.macos64_1.5.0.202011040924/tools/bin/../lib/gcc/arm-none-eabi/9.3.1/thumb/v7-m/nofp/crtbegin.o
 *(.bss*)
 .bss.duty      0x0000000020000198        0x1 Core/Src/main.o
                0x0000000020000198                duty
 .bss.cfgidx.8498
                0x0000000020000199        0x1 Middlewares/ST/STM32_USB_Device_Library/Core/Src/usbd_ctlreq.o
 *fill*         0x000000002000019a        0x2 
 .bss.mem.8568  0x000000002000019c      0x220 USB_DEVICE/Target/usbd_conf.o
 *(COMMON)
 COMMON         0x00000000200003bc      0x178 Core/Src/main.o
                0x00000000200003bc                hadc2
                0x00000000200003ec                htim3
                0x0000000020000434                hadc1
                0x0000000020000464                huart1
                0x00000000200004a4                htim1
                0x00000000200004ec                htim2
 COMMON         0x0000000020000534        0x4 Drivers/STM32F1xx_HAL_Driver/Src/stm32f1xx_hal.o
                0x0000000020000534                uwTick
 COMMON         0x0000000020000538      0x2c4 USB_DEVICE/App/usb_device.o
                0x0000000020000538                hUsbDeviceFS
 COMMON         0x00000000200007fc      0x7d0 USB_DEVICE/App/usbd_cdc_if.o
                0x00000000200007fc                UserRxBufferFS
                0x0000000020000be4                UserTxBufferFS
 COMMON         0x0000000020000fcc      0x200 USB_DEVICE/App/usbd_desc.o
                0x0000000020000fcc                USBD_StrDesc
 COMMON         0x00000000200011cc      0x2ec USB_DEVICE/Target/usbd_conf.o
                0x00000000200011cc                hpcd_USB_FS
                0x00000000200014b8                . = ALIGN (0x4)
                0x00000000200014b8                _ebss = .
                0x00000000200014b8                __bss_end__ = _ebss

._user_heap_stack
                0x00000000200014b8      0x600 load address 0x0000000008009018
                0x00000000200014b8                . = ALIGN (0x8)
                [!provide]                        PROVIDE (end = .)
                0x00000000200014b8                PROVIDE (_end = .)
                0x00000000200016b8                . = (. + _Min_Heap_Size)
 *fill*         0x00000000200014b8      0x200 
                0x0000000020001ab8                . = (. + _Min_Stack_Size)
 *fill*         0x00000000200016b8      0x400 
                0x0000000020001ab8                . = ALIGN (0x8)

/DISCARD/
 libc.a(*)
 libm.a(*)
 libgcc.a(*)

.ARM.attributes
                0x0000000000000000       0x29
 *(.ARM.attributes)
 .ARM.attributes
                0x0000000000000000       0x1d /Applications/STM32CubeIDE.app/Contents/Eclipse/plugins/com.st.stm32cube.ide.mcu.externaltools.gnu-tools-for-stm32.9-2020-q2-update.macos64_1.5.0.202011040924/tools/bin/../lib/gcc/arm-none-eabi/9.3.1/thumb/v7-m/nofp/crti.o
 .ARM.attributes
                0x000000000000001d       0x2d /Applications/STM32CubeIDE.app/Contents/Eclipse/plugins/com.st.stm32cube.ide.mcu.externaltools.gnu-tools-for-stm32.9-2020-q2-update.macos64_1.5.0.202011040924/tools/bin/../lib/gcc/arm-none-eabi/9.3.1/thumb/v7-m/nofp/crtbegin.o
 .ARM.attributes
                0x000000000000004a       0x2d Core/Src/Rotary.o
 .ARM.attributes
                0x0000000000000077       0x2d Core/Src/main.o
 .ARM.attributes
                0x00000000000000a4       0x2d Core/Src/stm32f1xx_hal_msp.o
 .ARM.attributes
                0x00000000000000d1       0x2d Core/Src/stm32f1xx_it.o
 .ARM.attributes
                0x00000000000000fe       0x2d Core/Src/system_stm32f1xx.o
 .ARM.attributes
                0x000000000000012b       0x21 Core/Startup/startup_stm32f103r8tx.o
 .ARM.attributes
                0x000000000000014c       0x2d Drivers/STM32F1xx_HAL_Driver/Src/stm32f1xx_hal.o
 .ARM.attributes
                0x0000000000000179       0x2d Drivers/STM32F1xx_HAL_Driver/Src/stm32f1xx_hal_adc.o
 .ARM.attributes
                0x00000000000001a6       0x2d Drivers/STM32F1xx_HAL_Driver/Src/stm32f1xx_hal_cortex.o
 .ARM.attributes
                0x00000000000001d3       0x2d Drivers/STM32F1xx_HAL_Driver/Src/stm32f1xx_hal_gpio.o
 .ARM.attributes
                0x0000000000000200       0x2d Drivers/STM32F1xx_HAL_Driver/Src/stm32f1xx_hal_pcd.o
 .ARM.attributes
                0x000000000000022d       0x2d Drivers/STM32F1xx_HAL_Driver/Src/stm32f1xx_hal_pcd_ex.o
 .ARM.attributes
                0x000000000000025a       0x2d Drivers/STM32F1xx_HAL_Driver/Src/stm32f1xx_hal_rcc.o
 .ARM.attributes
                0x0000000000000287       0x2d Drivers/STM32F1xx_HAL_Driver/Src/stm32f1xx_hal_rcc_ex.o
 .ARM.attributes
                0x00000000000002b4       0x2d Drivers/STM32F1xx_HAL_Driver/Src/stm32f1xx_hal_tim.o
 .ARM.attributes
                0x00000000000002e1       0x2d Drivers/STM32F1xx_HAL_Driver/Src/stm32f1xx_hal_tim_ex.o
 .ARM.attributes
                0x000000000000030e       0x2d Drivers/STM32F1xx_HAL_Driver/Src/stm32f1xx_hal_uart.o
 .ARM.attributes
                0x000000000000033b       0x2d Drivers/STM32F1xx_HAL_Driver/Src/stm32f1xx_ll_usb.o
 .ARM.attributes
                0x0000000000000368       0x2d Middlewares/ST/STM32_USB_Device_Library/Class/CDC/Src/usbd_cdc.o
 .ARM.attributes
                0x0000000000000395       0x2d Middlewares/ST/STM32_USB_Device_Library/Core/Src/usbd_core.o
 .ARM.attributes
                0x00000000000003c2       0x2d Middlewares/ST/STM32_USB_Device_Library/Core/Src/usbd_ctlreq.o
 .ARM.attributes
                0x00000000000003ef       0x2d Middlewares/ST/STM32_USB_Device_Library/Core/Src/usbd_ioreq.o
 .ARM.attributes
                0x000000000000041c       0x2d USB_DEVICE/App/usb_device.o
 .ARM.attributes
                0x0000000000000449       0x2d USB_DEVICE/App/usbd_cdc_if.o
 .ARM.attributes
                0x0000000000000476       0x2d USB_DEVICE/App/usbd_desc.o
 .ARM.attributes
                0x00000000000004a3       0x2d USB_DEVICE/Target/usbd_conf.o
 .ARM.attributes
                0x00000000000004d0       0x2d /Applications/STM32CubeIDE.app/Contents/Eclipse/plugins/com.st.stm32cube.ide.mcu.externaltools.gnu-tools-for-stm32.9-2020-q2-update.macos64_1.5.0.202011040924/tools/bin/../lib/gcc/arm-none-eabi/9.3.1/../../../../arm-none-eabi/lib/thumb/v7-m/nofp/libc_nano.a(lib_a-init.o)
 .ARM.attributes
                0x00000000000004fd       0x2d /Applications/STM32CubeIDE.app/Contents/Eclipse/plugins/com.st.stm32cube.ide.mcu.externaltools.gnu-tools-for-stm32.9-2020-q2-update.macos64_1.5.0.202011040924/tools/bin/../lib/gcc/arm-none-eabi/9.3.1/../../../../arm-none-eabi/lib/thumb/v7-m/nofp/libc_nano.a(lib_a-memset.o)
 .ARM.attributes
                0x000000000000052a       0x1d /Applications/STM32CubeIDE.app/Contents/Eclipse/plugins/com.st.stm32cube.ide.mcu.externaltools.gnu-tools-for-stm32.9-2020-q2-update.macos64_1.5.0.202011040924/tools/bin/../lib/gcc/arm-none-eabi/9.3.1/thumb/v7-m/nofp/crtn.o
OUTPUT(DMX.elf elf32-littlearm)
LOAD linker stubs
LOAD /Applications/STM32CubeIDE.app/Contents/Eclipse/plugins/com.st.stm32cube.ide.mcu.externaltools.gnu-tools-for-stm32.9-2020-q2-update.macos64_1.5.0.202011040924/tools/bin/../lib/gcc/arm-none-eabi/9.3.1/../../../../arm-none-eabi/lib/thumb/v7-m/nofp/libc.a
LOAD /Applications/STM32CubeIDE.app/Contents/Eclipse/plugins/com.st.stm32cube.ide.mcu.externaltools.gnu-tools-for-stm32.9-2020-q2-update.macos64_1.5.0.202011040924/tools/bin/../lib/gcc/arm-none-eabi/9.3.1/../../../../arm-none-eabi/lib/thumb/v7-m/nofp/libm.a
LOAD /Applications/STM32CubeIDE.app/Contents/Eclipse/plugins/com.st.stm32cube.ide.mcu.externaltools.gnu-tools-for-stm32.9-2020-q2-update.macos64_1.5.0.202011040924/tools/bin/../lib/gcc/arm-none-eabi/9.3.1/thumb/v7-m/nofp/libgcc.a

.debug_info     0x0000000000000000    0x19089
 .debug_info    0x0000000000000000      0x272 Core/Src/Rotary.o
 .debug_info    0x0000000000000272     0x1b9a Core/Src/main.o
 .debug_info    0x0000000000001e0c     0x108f Core/Src/stm32f1xx_hal_msp.o
 .debug_info    0x0000000000002e9b      0x711 Core/Src/stm32f1xx_it.o
 .debug_info    0x00000000000035ac      0x2be Core/Src/system_stm32f1xx.o
 .debug_info    0x000000000000386a       0x22 Core/Startup/startup_stm32f103r8tx.o
 .debug_info    0x000000000000388c      0x76a Drivers/STM32F1xx_HAL_Driver/Src/stm32f1xx_hal.o
 .debug_info    0x0000000000003ff6      0xd2d Drivers/STM32F1xx_HAL_Driver/Src/stm32f1xx_hal_adc.o
 .debug_info    0x0000000000004d23      0xbdc Drivers/STM32F1xx_HAL_Driver/Src/stm32f1xx_hal_cortex.o
 .debug_info    0x00000000000058ff      0x701 Drivers/STM32F1xx_HAL_Driver/Src/stm32f1xx_hal_gpio.o
 .debug_info    0x0000000000006000     0x1332 Drivers/STM32F1xx_HAL_Driver/Src/stm32f1xx_hal_pcd.o
 .debug_info    0x0000000000007332      0x7fa Drivers/STM32F1xx_HAL_Driver/Src/stm32f1xx_hal_pcd_ex.o
 .debug_info    0x0000000000007b2c      0x88e Drivers/STM32F1xx_HAL_Driver/Src/stm32f1xx_hal_rcc.o
 .debug_info    0x00000000000083ba      0x480 Drivers/STM32F1xx_HAL_Driver/Src/stm32f1xx_hal_rcc_ex.o
 .debug_info    0x000000000000883a     0x2a43 Drivers/STM32F1xx_HAL_Driver/Src/stm32f1xx_hal_tim.o
 .debug_info    0x000000000000b27d     0x1495 Drivers/STM32F1xx_HAL_Driver/Src/stm32f1xx_hal_tim_ex.o
 .debug_info    0x000000000000c712     0x1322 Drivers/STM32F1xx_HAL_Driver/Src/stm32f1xx_hal_uart.o
 .debug_info    0x000000000000da34     0x1911 Drivers/STM32F1xx_HAL_Driver/Src/stm32f1xx_ll_usb.o
 .debug_info    0x000000000000f345     0x1938 Middlewares/ST/STM32_USB_Device_Library/Class/CDC/Src/usbd_cdc.o
 .debug_info    0x0000000000010c7d     0x12ef Middlewares/ST/STM32_USB_Device_Library/Core/Src/usbd_core.o
 .debug_info    0x0000000000011f6c     0x125c Middlewares/ST/STM32_USB_Device_Library/Core/Src/usbd_ctlreq.o
 .debug_info    0x00000000000131c8     0x102e Middlewares/ST/STM32_USB_Device_Library/Core/Src/usbd_ioreq.o
 .debug_info    0x00000000000141f6      0xf6b USB_DEVICE/App/usb_device.o
 .debug_info    0x0000000000015161     0x11ba USB_DEVICE/App/usbd_cdc_if.o
 .debug_info    0x000000000001631b      0xde8 USB_DEVICE/App/usbd_desc.o
 .debug_info    0x0000000000017103     0x1f86 USB_DEVICE/Target/usbd_conf.o

.debug_abbrev   0x0000000000000000     0x3847
 .debug_abbrev  0x0000000000000000      0x11c Core/Src/Rotary.o
 .debug_abbrev  0x000000000000011c      0x2db Core/Src/main.o
 .debug_abbrev  0x00000000000003f7      0x1fd Core/Src/stm32f1xx_hal_msp.o
 .debug_abbrev  0x00000000000005f4      0x173 Core/Src/stm32f1xx_it.o
 .debug_abbrev  0x0000000000000767      0x14e Core/Src/system_stm32f1xx.o
 .debug_abbrev  0x00000000000008b5       0x12 Core/Startup/startup_stm32f103r8tx.o
 .debug_abbrev  0x00000000000008c7      0x1ed Drivers/STM32F1xx_HAL_Driver/Src/stm32f1xx_hal.o
 .debug_abbrev  0x0000000000000ab4      0x1fb Drivers/STM32F1xx_HAL_Driver/Src/stm32f1xx_hal_adc.o
 .debug_abbrev  0x0000000000000caf      0x313 Drivers/STM32F1xx_HAL_Driver/Src/stm32f1xx_hal_cortex.o
 .debug_abbrev  0x0000000000000fc2      0x1e8 Drivers/STM32F1xx_HAL_Driver/Src/stm32f1xx_hal_gpio.o
 .debug_abbrev  0x00000000000011aa      0x29e Drivers/STM32F1xx_HAL_Driver/Src/stm32f1xx_hal_pcd.o
 .debug_abbrev  0x0000000000001448      0x1ac Drivers/STM32F1xx_HAL_Driver/Src/stm32f1xx_hal_pcd_ex.o
 .debug_abbrev  0x00000000000015f4      0x273 Drivers/STM32F1xx_HAL_Driver/Src/stm32f1xx_hal_rcc.o
 .debug_abbrev  0x0000000000001867      0x193 Drivers/STM32F1xx_HAL_Driver/Src/stm32f1xx_hal_rcc_ex.o
 .debug_abbrev  0x00000000000019fa      0x25e Drivers/STM32F1xx_HAL_Driver/Src/stm32f1xx_hal_tim.o
 .debug_abbrev  0x0000000000001c58      0x266 Drivers/STM32F1xx_HAL_Driver/Src/stm32f1xx_hal_tim_ex.o
 .debug_abbrev  0x0000000000001ebe      0x270 Drivers/STM32F1xx_HAL_Driver/Src/stm32f1xx_hal_uart.o
 .debug_abbrev  0x000000000000212e      0x1fa Drivers/STM32F1xx_HAL_Driver/Src/stm32f1xx_ll_usb.o
 .debug_abbrev  0x0000000000002328      0x2f6 Middlewares/ST/STM32_USB_Device_Library/Class/CDC/Src/usbd_cdc.o
 .debug_abbrev  0x000000000000261e      0x2a8 Middlewares/ST/STM32_USB_Device_Library/Core/Src/usbd_core.o
 .debug_abbrev  0x00000000000028c6      0x2de Middlewares/ST/STM32_USB_Device_Library/Core/Src/usbd_ctlreq.o
 .debug_abbrev  0x0000000000002ba4      0x20a Middlewares/ST/STM32_USB_Device_Library/Core/Src/usbd_ioreq.o
 .debug_abbrev  0x0000000000002dae      0x1e4 USB_DEVICE/App/usb_device.o
 .debug_abbrev  0x0000000000002f92      0x2ce USB_DEVICE/App/usbd_cdc_if.o
 .debug_abbrev  0x0000000000003260      0x2ca USB_DEVICE/App/usbd_desc.o
 .debug_abbrev  0x000000000000352a      0x31d USB_DEVICE/Target/usbd_conf.o

.debug_aranges  0x0000000000000000     0x12e8
 .debug_aranges
                0x0000000000000000       0x20 Core/Src/Rotary.o
 .debug_aranges
                0x0000000000000020       0x70 Core/Src/main.o
 .debug_aranges
                0x0000000000000090       0x58 Core/Src/stm32f1xx_hal_msp.o
 .debug_aranges
                0x00000000000000e8       0x68 Core/Src/stm32f1xx_it.o
 .debug_aranges
                0x0000000000000150       0x28 Core/Src/system_stm32f1xx.o
 .debug_aranges
                0x0000000000000178       0x28 Core/Startup/startup_stm32f103r8tx.o
 .debug_aranges
                0x00000000000001a0       0xe0 Drivers/STM32F1xx_HAL_Driver/Src/stm32f1xx_hal.o
 .debug_aranges
                0x0000000000000280       0xf0 Drivers/STM32F1xx_HAL_Driver/Src/stm32f1xx_hal_adc.o
 .debug_aranges
                0x0000000000000370      0x100 Drivers/STM32F1xx_HAL_Driver/Src/stm32f1xx_hal_cortex.o
 .debug_aranges
                0x0000000000000470       0x58 Drivers/STM32F1xx_HAL_Driver/Src/stm32f1xx_hal_gpio.o
 .debug_aranges
                0x00000000000004c8      0x138 Drivers/STM32F1xx_HAL_Driver/Src/stm32f1xx_hal_pcd.o
 .debug_aranges
                0x0000000000000600       0x38 Drivers/STM32F1xx_HAL_Driver/Src/stm32f1xx_hal_pcd_ex.o
 .debug_aranges
                0x0000000000000638       0x90 Drivers/STM32F1xx_HAL_Driver/Src/stm32f1xx_hal_rcc.o
 .debug_aranges
                0x00000000000006c8       0x30 Drivers/STM32F1xx_HAL_Driver/Src/stm32f1xx_hal_rcc_ex.o
 .debug_aranges
                0x00000000000006f8      0x3d0 Drivers/STM32F1xx_HAL_Driver/Src/stm32f1xx_hal_tim.o
 .debug_aranges
                0x0000000000000ac8      0x168 Drivers/STM32F1xx_HAL_Driver/Src/stm32f1xx_hal_tim_ex.o
 .debug_aranges
                0x0000000000000c30      0x1d0 Drivers/STM32F1xx_HAL_Driver/Src/stm32f1xx_hal_uart.o
 .debug_aranges
                0x0000000000000e00       0xf0 Drivers/STM32F1xx_HAL_Driver/Src/stm32f1xx_ll_usb.o
 .debug_aranges
                0x0000000000000ef0       0x90 Middlewares/ST/STM32_USB_Device_Library/Class/CDC/Src/usbd_cdc.o
 .debug_aranges
                0x0000000000000f80       0xb8 Middlewares/ST/STM32_USB_Device_Library/Core/Src/usbd_core.o
 .debug_aranges
                0x0000000000001038       0x88 Middlewares/ST/STM32_USB_Device_Library/Core/Src/usbd_ctlreq.o
 .debug_aranges
                0x00000000000010c0       0x50 Middlewares/ST/STM32_USB_Device_Library/Core/Src/usbd_ioreq.o
 .debug_aranges
                0x0000000000001110       0x20 USB_DEVICE/App/usb_device.o
 .debug_aranges
                0x0000000000001130       0x40 USB_DEVICE/App/usbd_cdc_if.o
 .debug_aranges
                0x0000000000001170       0x60 USB_DEVICE/App/usbd_desc.o
 .debug_aranges
                0x00000000000011d0      0x118 USB_DEVICE/Target/usbd_conf.o

.debug_ranges   0x0000000000000000     0x1150
 .debug_ranges  0x0000000000000000       0x10 Core/Src/Rotary.o
 .debug_ranges  0x0000000000000010       0x60 Core/Src/main.o
 .debug_ranges  0x0000000000000070       0x48 Core/Src/stm32f1xx_hal_msp.o
 .debug_ranges  0x00000000000000b8       0x58 Core/Src/stm32f1xx_it.o
 .debug_ranges  0x0000000000000110       0x18 Core/Src/system_stm32f1xx.o
 .debug_ranges  0x0000000000000128       0x20 Core/Startup/startup_stm32f103r8tx.o
 .debug_ranges  0x0000000000000148       0xd0 Drivers/STM32F1xx_HAL_Driver/Src/stm32f1xx_hal.o
 .debug_ranges  0x0000000000000218       0xe0 Drivers/STM32F1xx_HAL_Driver/Src/stm32f1xx_hal_adc.o
 .debug_ranges  0x00000000000002f8       0xf0 Drivers/STM32F1xx_HAL_Driver/Src/stm32f1xx_hal_cortex.o
 .debug_ranges  0x00000000000003e8       0x48 Drivers/STM32F1xx_HAL_Driver/Src/stm32f1xx_hal_gpio.o
 .debug_ranges  0x0000000000000430      0x128 Drivers/STM32F1xx_HAL_Driver/Src/stm32f1xx_hal_pcd.o
 .debug_ranges  0x0000000000000558       0x28 Drivers/STM32F1xx_HAL_Driver/Src/stm32f1xx_hal_pcd_ex.o
 .debug_ranges  0x0000000000000580       0x80 Drivers/STM32F1xx_HAL_Driver/Src/stm32f1xx_hal_rcc.o
 .debug_ranges  0x0000000000000600       0x20 Drivers/STM32F1xx_HAL_Driver/Src/stm32f1xx_hal_rcc_ex.o
 .debug_ranges  0x0000000000000620      0x3c0 Drivers/STM32F1xx_HAL_Driver/Src/stm32f1xx_hal_tim.o
 .debug_ranges  0x00000000000009e0      0x158 Drivers/STM32F1xx_HAL_Driver/Src/stm32f1xx_hal_tim_ex.o
 .debug_ranges  0x0000000000000b38      0x1c0 Drivers/STM32F1xx_HAL_Driver/Src/stm32f1xx_hal_uart.o
 .debug_ranges  0x0000000000000cf8       0xe0 Drivers/STM32F1xx_HAL_Driver/Src/stm32f1xx_ll_usb.o
 .debug_ranges  0x0000000000000dd8       0x80 Middlewares/ST/STM32_USB_Device_Library/Class/CDC/Src/usbd_cdc.o
 .debug_ranges  0x0000000000000e58       0xa8 Middlewares/ST/STM32_USB_Device_Library/Core/Src/usbd_core.o
 .debug_ranges  0x0000000000000f00       0x78 Middlewares/ST/STM32_USB_Device_Library/Core/Src/usbd_ctlreq.o
 .debug_ranges  0x0000000000000f78       0x40 Middlewares/ST/STM32_USB_Device_Library/Core/Src/usbd_ioreq.o
 .debug_ranges  0x0000000000000fb8       0x10 USB_DEVICE/App/usb_device.o
 .debug_ranges  0x0000000000000fc8       0x30 USB_DEVICE/App/usbd_cdc_if.o
 .debug_ranges  0x0000000000000ff8       0x50 USB_DEVICE/App/usbd_desc.o
 .debug_ranges  0x0000000000001048      0x108 USB_DEVICE/Target/usbd_conf.o

.debug_macro    0x0000000000000000    0x1b822
 .debug_macro   0x0000000000000000      0x1ea Core/Src/Rotary.o
 .debug_macro   0x00000000000001ea      0xa9c Core/Src/Rotary.o
 .debug_macro   0x0000000000000c86      0x227 Core/Src/Rotary.o
 .debug_macro   0x0000000000000ead       0x2e Core/Src/Rotary.o
 .debug_macro   0x0000000000000edb       0x22 Core/Src/Rotary.o
 .debug_macro   0x0000000000000efd       0x22 Core/Src/Rotary.o
 .debug_macro   0x0000000000000f1f       0x8e Core/Src/Rotary.o
 .debug_macro   0x0000000000000fad       0x51 Core/Src/Rotary.o
 .debug_macro   0x0000000000000ffe      0x103 Core/Src/Rotary.o
 .debug_macro   0x0000000000001101       0x6a Core/Src/Rotary.o
 .debug_macro   0x000000000000116b      0x1df Core/Src/Rotary.o
 .debug_macro   0x000000000000134a       0x1c Core/Src/Rotary.o
 .debug_macro   0x0000000000001366       0x22 Core/Src/Rotary.o
 .debug_macro   0x0000000000001388       0xc3 Core/Src/Rotary.o
 .debug_macro   0x000000000000144b      0xd23 Core/Src/Rotary.o
 .debug_macro   0x000000000000216e     0xe097 Core/Src/Rotary.o
 .debug_macro   0x0000000000010205       0x43 Core/Src/Rotary.o
 .debug_macro   0x0000000000010248     0x3468 Core/Src/Rotary.o
 .debug_macro   0x00000000000136b0      0x174 Core/Src/Rotary.o
 .debug_macro   0x0000000000013824       0x5c Core/Src/Rotary.o
 .debug_macro   0x0000000000013880      0x5be Core/Src/Rotary.o
 .debug_macro   0x0000000000013e3e      0x289 Core/Src/Rotary.o
 .debug_macro   0x00000000000140c7      0x1cb Core/Src/Rotary.o
 .debug_macro   0x0000000000014292      0x114 Core/Src/Rotary.o
 .debug_macro   0x00000000000143a6      0x1b2 Core/Src/Rotary.o
 .debug_macro   0x0000000000014558       0x27 Core/Src/Rotary.o
 .debug_macro   0x000000000001457f      0x136 Core/Src/Rotary.o
 .debug_macro   0x00000000000146b5      0x1bc Core/Src/Rotary.o
 .debug_macro   0x0000000000014871       0x34 Core/Src/Rotary.o
 .debug_macro   0x00000000000148a5       0x3c Core/Src/Rotary.o
 .debug_macro   0x00000000000148e1       0x57 Core/Src/Rotary.o
 .debug_macro   0x0000000000014938      0x46a Core/Src/Rotary.o
 .debug_macro   0x0000000000014da2      0x1b5 Core/Src/Rotary.o
 .debug_macro   0x0000000000014f57       0x88 Core/Src/Rotary.o
 .debug_macro   0x0000000000014fdf      0x241 Core/Src/Rotary.o
 .debug_macro   0x0000000000015220      0x141 Core/Src/Rotary.o
 .debug_macro   0x0000000000015361      0x8d1 Core/Src/Rotary.o
 .debug_macro   0x0000000000015c32      0x26b Core/Src/Rotary.o
 .debug_macro   0x0000000000015e9d       0x65 Core/Src/Rotary.o
 .debug_macro   0x0000000000015f02      0x249 Core/Src/Rotary.o
 .debug_macro   0x000000000001614b       0x83 Core/Src/Rotary.o
 .debug_macro   0x00000000000161ce      0x178 Core/Src/Rotary.o
 .debug_macro   0x0000000000016346      0x3d5 Core/Src/main.o
 .debug_macro   0x000000000001671b       0x52 Core/Src/main.o
 .debug_macro   0x000000000001676d       0x18 Core/Src/main.o
 .debug_macro   0x0000000000016785       0x3c Core/Src/main.o
 .debug_macro   0x00000000000167c1       0x34 Core/Src/main.o
 .debug_macro   0x00000000000167f5       0x16 Core/Src/main.o
 .debug_macro   0x000000000001680b       0x35 Core/Src/main.o
 .debug_macro   0x0000000000016840      0x333 Core/Src/main.o
 .debug_macro   0x0000000000016b73       0x10 Core/Src/main.o
 .debug_macro   0x0000000000016b83       0x16 Core/Src/main.o
 .debug_macro   0x0000000000016b99       0x43 Core/Src/main.o
 .debug_macro   0x0000000000016bdc       0x34 Core/Src/main.o
 .debug_macro   0x0000000000016c10       0x10 Core/Src/main.o
 .debug_macro   0x0000000000016c20       0x58 Core/Src/main.o
 .debug_macro   0x0000000000016c78       0x71 Core/Src/main.o
 .debug_macro   0x0000000000016ce9       0x1c Core/Src/main.o
 .debug_macro   0x0000000000016d05      0x12a Core/Src/main.o
 .debug_macro   0x0000000000016e2f       0x10 Core/Src/main.o
 .debug_macro   0x0000000000016e3f       0x1c Core/Src/main.o
 .debug_macro   0x0000000000016e5b       0x52 Core/Src/main.o
 .debug_macro   0x0000000000016ead       0x22 Core/Src/main.o
 .debug_macro   0x0000000000016ecf       0x10 Core/Src/main.o
 .debug_macro   0x0000000000016edf       0x40 Core/Src/main.o
 .debug_macro   0x0000000000016f1f       0xd5 Core/Src/main.o
 .debug_macro   0x0000000000016ff4       0x1c Core/Src/main.o
 .debug_macro   0x0000000000017010       0x3d Core/Src/main.o
 .debug_macro   0x000000000001704d       0x16 Core/Src/main.o
 .debug_macro   0x0000000000017063      0x145 Core/Src/main.o
 .debug_macro   0x00000000000171a8       0x16 Core/Src/main.o
 .debug_macro   0x00000000000171be       0x16 Core/Src/main.o
 .debug_macro   0x00000000000171d4       0x29 Core/Src/main.o
 .debug_macro   0x00000000000171fd       0x16 Core/Src/main.o
 .debug_macro   0x0000000000017213       0x20 Core/Src/main.o
 .debug_macro   0x0000000000017233       0x60 Core/Src/main.o
 .debug_macro   0x0000000000017293      0x1c8 Core/Src/main.o
 .debug_macro   0x000000000001745b      0x1ea Core/Src/stm32f1xx_hal_msp.o
 .debug_macro   0x0000000000017645      0x1f4 Core/Src/stm32f1xx_it.o
 .debug_macro   0x0000000000017839      0x1db Core/Src/system_stm32f1xx.o
 .debug_macro   0x0000000000017a14      0x1ff Drivers/STM32F1xx_HAL_Driver/Src/stm32f1xx_hal.o
 .debug_macro   0x0000000000017c13      0x1f8 Drivers/STM32F1xx_HAL_Driver/Src/stm32f1xx_hal_adc.o
 .debug_macro   0x0000000000017e0b      0x1db Drivers/STM32F1xx_HAL_Driver/Src/stm32f1xx_hal_cortex.o
 .debug_macro   0x0000000000017fe6      0x246 Drivers/STM32F1xx_HAL_Driver/Src/stm32f1xx_hal_gpio.o
 .debug_macro   0x000000000001822c      0x1e7 Drivers/STM32F1xx_HAL_Driver/Src/stm32f1xx_hal_pcd.o
 .debug_macro   0x0000000000018413      0x1db Drivers/STM32F1xx_HAL_Driver/Src/stm32f1xx_hal_pcd_ex.o
 .debug_macro   0x00000000000185ee      0x1ed Drivers/STM32F1xx_HAL_Driver/Src/stm32f1xx_hal_rcc.o
 .debug_macro   0x00000000000187db      0x1db Drivers/STM32F1xx_HAL_Driver/Src/stm32f1xx_hal_rcc_ex.o
 .debug_macro   0x00000000000189b6      0x1dc Drivers/STM32F1xx_HAL_Driver/Src/stm32f1xx_hal_tim.o
 .debug_macro   0x0000000000018b92      0x1db Drivers/STM32F1xx_HAL_Driver/Src/stm32f1xx_hal_tim_ex.o
 .debug_macro   0x0000000000018d6d      0x1dc Drivers/STM32F1xx_HAL_Driver/Src/stm32f1xx_hal_uart.o
 .debug_macro   0x0000000000018f49      0x1db Drivers/STM32F1xx_HAL_Driver/Src/stm32f1xx_ll_usb.o
 .debug_macro   0x0000000000019124      0x400 Middlewares/ST/STM32_USB_Device_Library/Class/CDC/Src/usbd_cdc.o
 .debug_macro   0x0000000000019524       0x97 Middlewares/ST/STM32_USB_Device_Library/Class/CDC/Src/usbd_cdc.o
 .debug_macro   0x00000000000195bb       0xfd Middlewares/ST/STM32_USB_Device_Library/Class/CDC/Src/usbd_cdc.o
 .debug_macro   0x00000000000196b8       0xbd Middlewares/ST/STM32_USB_Device_Library/Class/CDC/Src/usbd_cdc.o
 .debug_macro   0x0000000000019775       0x56 Middlewares/ST/STM32_USB_Device_Library/Class/CDC/Src/usbd_cdc.o
 .debug_macro   0x00000000000197cb       0x8f Middlewares/ST/STM32_USB_Device_Library/Class/CDC/Src/usbd_cdc.o
 .debug_macro   0x000000000001985a      0x3e7 Middlewares/ST/STM32_USB_Device_Library/Core/Src/usbd_core.o
 .debug_macro   0x0000000000019c41      0x1ce Middlewares/ST/STM32_USB_Device_Library/Core/Src/usbd_core.o
 .debug_macro   0x0000000000019e0f      0x3f1 Middlewares/ST/STM32_USB_Device_Library/Core/Src/usbd_ctlreq.o
 .debug_macro   0x000000000001a200      0x3ed Middlewares/ST/STM32_USB_Device_Library/Core/Src/usbd_ioreq.o
 .debug_macro   0x000000000001a5ed      0x420 USB_DEVICE/App/usb_device.o
 .debug_macro   0x000000000001aa0d      0x17e USB_DEVICE/App/usb_device.o
 .debug_macro   0x000000000001ab8b       0x22 USB_DEVICE/App/usb_device.o
 .debug_macro   0x000000000001abad       0x16 USB_DEVICE/App/usb_device.o
 .debug_macro   0x000000000001abc3      0x40b USB_DEVICE/App/usbd_cdc_if.o
 .debug_macro   0x000000000001afce       0x10 USB_DEVICE/App/usbd_cdc_if.o
 .debug_macro   0x000000000001afde      0x424 USB_DEVICE/App/usbd_desc.o
 .debug_macro   0x000000000001b402       0x1c USB_DEVICE/App/usbd_desc.o
 .debug_macro   0x000000000001b41e      0x404 USB_DEVICE/Target/usbd_conf.o

.debug_line     0x0000000000000000    0x16da7
 .debug_line    0x0000000000000000      0x84d Core/Src/Rotary.o
 .debug_line    0x000000000000084d      0xde0 Core/Src/main.o
 .debug_line    0x000000000000162d      0x8ed Core/Src/stm32f1xx_hal_msp.o
 .debug_line    0x0000000000001f1a      0x7ff Core/Src/stm32f1xx_it.o
 .debug_line    0x0000000000002719      0x7a3 Core/Src/system_stm32f1xx.o
 .debug_line    0x0000000000002ebc       0x84 Core/Startup/startup_stm32f103r8tx.o
 .debug_line    0x0000000000002f40      0x9d0 Drivers/STM32F1xx_HAL_Driver/Src/stm32f1xx_hal.o
 .debug_line    0x0000000000003910     0x1030 Drivers/STM32F1xx_HAL_Driver/Src/stm32f1xx_hal_adc.o
 .debug_line    0x0000000000004940      0xbb8 Drivers/STM32F1xx_HAL_Driver/Src/stm32f1xx_hal_cortex.o
 .debug_line    0x00000000000054f8      0xa67 Drivers/STM32F1xx_HAL_Driver/Src/stm32f1xx_hal_gpio.o
 .debug_line    0x0000000000005f5f     0x134f Drivers/STM32F1xx_HAL_Driver/Src/stm32f1xx_hal_pcd.o
 .debug_line    0x00000000000072ae      0x79e Drivers/STM32F1xx_HAL_Driver/Src/stm32f1xx_hal_pcd_ex.o
 .debug_line    0x0000000000007a4c      0xdde Drivers/STM32F1xx_HAL_Driver/Src/stm32f1xx_hal_rcc.o
 .debug_line    0x000000000000882a      0x91c Drivers/STM32F1xx_HAL_Driver/Src/stm32f1xx_hal_rcc_ex.o
 .debug_line    0x0000000000009146     0x3378 Drivers/STM32F1xx_HAL_Driver/Src/stm32f1xx_hal_tim.o
 .debug_line    0x000000000000c4be     0x1a76 Drivers/STM32F1xx_HAL_Driver/Src/stm32f1xx_hal_tim_ex.o
 .debug_line    0x000000000000df34     0x17da Drivers/STM32F1xx_HAL_Driver/Src/stm32f1xx_hal_uart.o
 .debug_line    0x000000000000f70e     0x1025 Drivers/STM32F1xx_HAL_Driver/Src/stm32f1xx_ll_usb.o
 .debug_line    0x0000000000010733      0xdbe Middlewares/ST/STM32_USB_Device_Library/Class/CDC/Src/usbd_cdc.o
 .debug_line    0x00000000000114f1      0xe3e Middlewares/ST/STM32_USB_Device_Library/Core/Src/usbd_core.o
 .debug_line    0x000000000001232f     0x105d Middlewares/ST/STM32_USB_Device_Library/Core/Src/usbd_ctlreq.o
 .debug_line    0x000000000001338c      0xad4 Middlewares/ST/STM32_USB_Device_Library/Core/Src/usbd_ioreq.o
 .debug_line    0x0000000000013e60      0xa94 USB_DEVICE/App/usb_device.o
 .debug_line    0x00000000000148f4      0xadd USB_DEVICE/App/usbd_cdc_if.o
 .debug_line    0x00000000000153d1      0xb5d USB_DEVICE/App/usbd_desc.o
 .debug_line    0x0000000000015f2e      0xe79 USB_DEVICE/Target/usbd_conf.o

.debug_str      0x0000000000000000    0x942b5
 .debug_str     0x0000000000000000    0x8a451 Core/Src/Rotary.o
                                      0x8a799 (size before relaxing)
 .debug_str     0x000000000008a451     0x561b Core/Src/main.o
                                      0x8ff93 (size before relaxing)
 .debug_str     0x000000000008fa6c       0xfa Core/Src/stm32f1xx_hal_msp.o
                                      0x8b07a (size before relaxing)
 .debug_str     0x000000000008fb66      0x3ae Core/Src/stm32f1xx_it.o
                                      0x8ab95 (size before relaxing)
 .debug_str     0x000000000008ff14       0x52 Core/Src/system_stm32f1xx.o
                                      0x8a29f (size before relaxing)
 .debug_str     0x000000000008ff66       0x36 Core/Startup/startup_stm32f103r8tx.o
                                         0x86 (size before relaxing)
 .debug_str     0x000000000008ff9c      0x55e Drivers/STM32F1xx_HAL_Driver/Src/stm32f1xx_hal.o
                                      0x8a930 (size before relaxing)
 .debug_str     0x00000000000904fa      0x351 Drivers/STM32F1xx_HAL_Driver/Src/stm32f1xx_hal_adc.o
                                      0x8a92f (size before relaxing)
 .debug_str     0x000000000009084b      0x2d8 Drivers/STM32F1xx_HAL_Driver/Src/stm32f1xx_hal_cortex.o
                                      0x8a938 (size before relaxing)
 .debug_str     0x0000000000090b23      0x315 Drivers/STM32F1xx_HAL_Driver/Src/stm32f1xx_hal_gpio.o
                                      0x8a663 (size before relaxing)
 .debug_str     0x0000000000090e38      0x3e5 Drivers/STM32F1xx_HAL_Driver/Src/stm32f1xx_hal_pcd.o
                                      0x8a9f2 (size before relaxing)
 .debug_str     0x000000000009121d      0x18d Drivers/STM32F1xx_HAL_Driver/Src/stm32f1xx_hal_pcd_ex.o
                                      0x8a73f (size before relaxing)
 .debug_str     0x00000000000913aa      0x24f Drivers/STM32F1xx_HAL_Driver/Src/stm32f1xx_hal_rcc.o
                                      0x8a69c (size before relaxing)
 .debug_str     0x00000000000915f9       0xb9 Drivers/STM32F1xx_HAL_Driver/Src/stm32f1xx_hal_rcc_ex.o
                                      0x8a429 (size before relaxing)
 .debug_str     0x00000000000916b2      0xd64 Drivers/STM32F1xx_HAL_Driver/Src/stm32f1xx_hal_tim.o
                                      0x8b66e (size before relaxing)
 .debug_str     0x0000000000092416      0x517 Drivers/STM32F1xx_HAL_Driver/Src/stm32f1xx_hal_tim_ex.o
                                      0x8ae48 (size before relaxing)
 .debug_str     0x000000000009292d      0x52d Drivers/STM32F1xx_HAL_Driver/Src/stm32f1xx_hal_uart.o
                                      0x8aba2 (size before relaxing)
 .debug_str     0x0000000000092e5a      0x2a1 Drivers/STM32F1xx_HAL_Driver/Src/stm32f1xx_ll_usb.o
                                      0x8a772 (size before relaxing)
 .debug_str     0x00000000000930fb      0x8c9 Middlewares/ST/STM32_USB_Device_Library/Class/CDC/Src/usbd_cdc.o
                                      0x8ffe8 (size before relaxing)
 .debug_str     0x00000000000939c4      0x1b5 Middlewares/ST/STM32_USB_Device_Library/Core/Src/usbd_core.o
                                      0x8f8e3 (size before relaxing)
 .debug_str     0x0000000000093b79      0x134 Middlewares/ST/STM32_USB_Device_Library/Core/Src/usbd_ctlreq.o
                                      0x8f869 (size before relaxing)
 .debug_str     0x0000000000093cad       0xc9 Middlewares/ST/STM32_USB_Device_Library/Core/Src/usbd_ioreq.o
                                      0x8f7f1 (size before relaxing)
 .debug_str     0x0000000000093d76      0x118 USB_DEVICE/App/usb_device.o
                                      0x8fb58 (size before relaxing)
 .debug_str     0x0000000000093e8e       0x86 USB_DEVICE/App/usbd_cdc_if.o
                                      0x8fba7 (size before relaxing)
 .debug_str     0x0000000000093f14      0x258 USB_DEVICE/App/usbd_desc.o
                                      0x8f75c (size before relaxing)
 .debug_str     0x000000000009416c      0x149 USB_DEVICE/Target/usbd_conf.o
                                      0x9040e (size before relaxing)

.comment        0x0000000000000000       0x53
 .comment       0x0000000000000000       0x53 Core/Src/Rotary.o
                                         0x54 (size before relaxing)
 .comment       0x0000000000000053       0x54 Core/Src/main.o
 .comment       0x0000000000000053       0x54 Core/Src/stm32f1xx_hal_msp.o
 .comment       0x0000000000000053       0x54 Core/Src/stm32f1xx_it.o
 .comment       0x0000000000000053       0x54 Core/Src/system_stm32f1xx.o
 .comment       0x0000000000000053       0x54 Drivers/STM32F1xx_HAL_Driver/Src/stm32f1xx_hal.o
 .comment       0x0000000000000053       0x54 Drivers/STM32F1xx_HAL_Driver/Src/stm32f1xx_hal_adc.o
 .comment       0x0000000000000053       0x54 Drivers/STM32F1xx_HAL_Driver/Src/stm32f1xx_hal_cortex.o
 .comment       0x0000000000000053       0x54 Drivers/STM32F1xx_HAL_Driver/Src/stm32f1xx_hal_gpio.o
 .comment       0x0000000000000053       0x54 Drivers/STM32F1xx_HAL_Driver/Src/stm32f1xx_hal_pcd.o
 .comment       0x0000000000000053       0x54 Drivers/STM32F1xx_HAL_Driver/Src/stm32f1xx_hal_pcd_ex.o
 .comment       0x0000000000000053       0x54 Drivers/STM32F1xx_HAL_Driver/Src/stm32f1xx_hal_rcc.o
 .comment       0x0000000000000053       0x54 Drivers/STM32F1xx_HAL_Driver/Src/stm32f1xx_hal_rcc_ex.o
 .comment       0x0000000000000053       0x54 Drivers/STM32F1xx_HAL_Driver/Src/stm32f1xx_hal_tim.o
 .comment       0x0000000000000053       0x54 Drivers/STM32F1xx_HAL_Driver/Src/stm32f1xx_hal_tim_ex.o
 .comment       0x0000000000000053       0x54 Drivers/STM32F1xx_HAL_Driver/Src/stm32f1xx_hal_uart.o
 .comment       0x0000000000000053       0x54 Drivers/STM32F1xx_HAL_Driver/Src/stm32f1xx_ll_usb.o
 .comment       0x0000000000000053       0x54 Middlewares/ST/STM32_USB_Device_Library/Class/CDC/Src/usbd_cdc.o
 .comment       0x0000000000000053       0x54 Middlewares/ST/STM32_USB_Device_Library/Core/Src/usbd_core.o
 .comment       0x0000000000000053       0x54 Middlewares/ST/STM32_USB_Device_Library/Core/Src/usbd_ctlreq.o
 .comment       0x0000000000000053       0x54 Middlewares/ST/STM32_USB_Device_Library/Core/Src/usbd_ioreq.o
 .comment       0x0000000000000053       0x54 USB_DEVICE/App/usb_device.o
 .comment       0x0000000000000053       0x54 USB_DEVICE/App/usbd_cdc_if.o
 .comment       0x0000000000000053       0x54 USB_DEVICE/App/usbd_desc.o
 .comment       0x0000000000000053       0x54 USB_DEVICE/Target/usbd_conf.o

.debug_frame    0x0000000000000000     0x4dfc
 .debug_frame   0x0000000000000000       0x38 Core/Src/Rotary.o
 .debug_frame   0x0000000000000038      0x184 Core/Src/main.o
 .debug_frame   0x00000000000001bc      0x134 Core/Src/stm32f1xx_hal_msp.o
 .debug_frame   0x00000000000002f0      0x120 Core/Src/stm32f1xx_it.o
 .debug_frame   0x0000000000000410       0x58 Core/Src/system_stm32f1xx.o
 .debug_frame   0x0000000000000468      0x334 Drivers/STM32F1xx_HAL_Driver/Src/stm32f1xx_hal.o
 .debug_frame   0x000000000000079c      0x40c Drivers/STM32F1xx_HAL_Driver/Src/stm32f1xx_hal_adc.o
 .debug_frame   0x0000000000000ba8      0x428 Drivers/STM32F1xx_HAL_Driver/Src/stm32f1xx_hal_cortex.o
 .debug_frame   0x0000000000000fd0      0x14c Drivers/STM32F1xx_HAL_Driver/Src/stm32f1xx_hal_gpio.o
 .debug_frame   0x000000000000111c      0x578 Drivers/STM32F1xx_HAL_Driver/Src/stm32f1xx_hal_pcd.o
 .debug_frame   0x0000000000001694       0xb0 Drivers/STM32F1xx_HAL_Driver/Src/stm32f1xx_hal_pcd_ex.o
 .debug_frame   0x0000000000001744      0x21c Drivers/STM32F1xx_HAL_Driver/Src/stm32f1xx_hal_rcc.o
 .debug_frame   0x0000000000001960       0x84 Drivers/STM32F1xx_HAL_Driver/Src/stm32f1xx_hal_rcc_ex.o
 .debug_frame   0x00000000000019e4     0x11b8 Drivers/STM32F1xx_HAL_Driver/Src/stm32f1xx_hal_tim.o
 .debug_frame   0x0000000000002b9c      0x638 Drivers/STM32F1xx_HAL_Driver/Src/stm32f1xx_hal_tim_ex.o
 .debug_frame   0x00000000000031d4      0x834 Drivers/STM32F1xx_HAL_Driver/Src/stm32f1xx_hal_uart.o
 .debug_frame   0x0000000000003a08      0x450 Drivers/STM32F1xx_HAL_Driver/Src/stm32f1xx_ll_usb.o
 .debug_frame   0x0000000000003e58      0x248 Middlewares/ST/STM32_USB_Device_Library/Class/CDC/Src/usbd_cdc.o
 .debug_frame   0x00000000000040a0      0x300 Middlewares/ST/STM32_USB_Device_Library/Core/Src/usbd_core.o
 .debug_frame   0x00000000000043a0      0x218 Middlewares/ST/STM32_USB_Device_Library/Core/Src/usbd_ctlreq.o
 .debug_frame   0x00000000000045b8      0x10c Middlewares/ST/STM32_USB_Device_Library/Core/Src/usbd_ioreq.o
 .debug_frame   0x00000000000046c4       0x2c USB_DEVICE/App/usb_device.o
 .debug_frame   0x00000000000046f0       0xbc USB_DEVICE/App/usbd_cdc_if.o
 .debug_frame   0x00000000000047ac      0x160 USB_DEVICE/App/usbd_desc.o
 .debug_frame   0x000000000000490c      0x4a4 USB_DEVICE/Target/usbd_conf.o
 .debug_frame   0x0000000000004db0       0x2c /Applications/STM32CubeIDE.app/Contents/Eclipse/plugins/com.st.stm32cube.ide.mcu.externaltools.gnu-tools-for-stm32.9-2020-q2-update.macos64_1.5.0.202011040924/tools/bin/../lib/gcc/arm-none-eabi/9.3.1/../../../../arm-none-eabi/lib/thumb/v7-m/nofp/libc_nano.a(lib_a-init.o)
 .debug_frame   0x0000000000004ddc       0x20 /Applications/STM32CubeIDE.app/Contents/Eclipse/plugins/com.st.stm32cube.ide.mcu.externaltools.gnu-tools-for-stm32.9-2020-q2-update.macos64_1.5.0.202011040924/tools/bin/../lib/gcc/arm-none-eabi/9.3.1/../../../../arm-none-eabi/lib/thumb/v7-m/nofp/libc_nano.a(lib_a-memset.o)
